[0.059s] Invoking command in '/home/skpro/Desktop/Robotics Learning/ros2_project/build/my_package': CMAKE_PREFIX_PATH=${CMAKE_PREFIX_PATH}:/opt/ros/humble /usr/bin/cmake --build /home/skpro/Desktop/Robotics Learning/ros2_project/build/my_package -- -j4 -l4
[0.197s] [35m[1mConsolidate compiler generated dependencies of target my_node[0m
[0.222s] [100%] Built target my_node
[0.260s] Invoked command in '/home/skpro/Desktop/Robotics Learning/ros2_project/build/my_package' returned '0': CMAKE_PREFIX_PATH=${CMAKE_PREFIX_PATH}:/opt/ros/humble /usr/bin/cmake --build /home/skpro/Desktop/Robotics Learning/ros2_project/build/my_package -- -j4 -l4
[0.280s] Invoking command in '/home/skpro/Desktop/Robotics Learning/ros2_project/build/my_package': CMAKE_PREFIX_PATH=${CMAKE_PREFIX_PATH}:/opt/ros/humble /usr/bin/cmake --install /home/skpro/Desktop/Robotics Learning/ros2_project/build/my_package
[0.302s] -- Install configuration: ""
[0.306s] -- Up-to-date: /home/skpro/Desktop/Robotics Learning/ros2_project/install/my_package/lib/my_package/my_node
[0.307s] -- Up-to-date: /home/skpro/Desktop/Robotics Learning/ros2_project/install/my_package/share/ament_index/resource_index/package_run_dependencies/my_package
[0.307s] -- Up-to-date: /home/skpro/Desktop/Robotics Learning/ros2_project/install/my_package/share/ament_index/resource_index/parent_prefix_path/my_package
[0.307s] -- Up-to-date: /home/skpro/Desktop/Robotics Learning/ros2_project/install/my_package/share/my_package/environment/ament_prefix_path.sh
[0.307s] -- Up-to-date: /home/skpro/Desktop/Robotics Learning/ros2_project/install/my_package/share/my_package/environment/ament_prefix_path.dsv
[0.307s] -- Up-to-date: /home/skpro/Desktop/Robotics Learning/ros2_project/install/my_package/share/my_package/environment/path.sh
[0.307s] -- Up-to-date: /home/skpro/Desktop/Robotics Learning/ros2_project/install/my_package/share/my_package/environment/path.dsv
[0.307s] -- Up-to-date: /home/skpro/Desktop/Robotics Learning/ros2_project/install/my_package/share/my_package/local_setup.bash
[0.308s] -- Up-to-date: /home/skpro/Desktop/Robotics Learning/ros2_project/install/my_package/share/my_package/local_setup.sh
[0.308s] -- Up-to-date: /home/skpro/Desktop/Robotics Learning/ros2_project/install/my_package/share/my_package/local_setup.zsh
[0.308s] -- Up-to-date: /home/skpro/Desktop/Robotics Learning/ros2_project/install/my_package/share/my_package/local_setup.dsv
[0.311s] -- Up-to-date: /home/skpro/Desktop/Robotics Learning/ros2_project/install/my_package/share/my_package/package.dsv
[0.311s] -- Up-to-date: /home/skpro/Desktop/Robotics Learning/ros2_project/install/my_package/share/ament_index/resource_index/packages/my_package
[0.311s] -- Up-to-date: /home/skpro/Desktop/Robotics Learning/ros2_project/install/my_package/share/my_package/cmake/my_packageConfig.cmake
[0.311s] -- Up-to-date: /home/skpro/Desktop/Robotics Learning/ros2_project/install/my_package/share/my_package/cmake/my_packageConfig-version.cmake
[0.311s] -- Up-to-date: /home/skpro/Desktop/Robotics Learning/ros2_project/install/my_package/share/my_package/package.xml
[0.326s] Invoked command in '/home/skpro/Desktop/Robotics Learning/ros2_project/build/my_package' returned '0': CMAKE_PREFIX_PATH=${CMAKE_PREFIX_PATH}:/opt/ros/humble /usr/bin/cmake --install /home/skpro/Desktop/Robotics Learning/ros2_project/build/my_package
