[0.040s] Invoking command in '/home/skpro/Desktop/Robotics Learning/ros2_ws/build/turtlesim': CMAKE_PREFIX_PATH=/opt/ros/humble /usr/bin/cmake --build /home/skpro/Desktop/Robotics Learning/ros2_ws/build/turtlesim -- -j4 -l4
[0.727s] [35m[1mConsolidate compiler generated dependencies of target turtlesim__rosidl_generator_c[0m
[0.734s] [  1%] Built target turtlesim__cpp
[0.784s] [35m[1mConsolidate compiler generated dependencies of target turtlesim__rosidl_typesupport_cpp[0m
[0.794s] [35m[1mConsolidate compiler generated dependencies of target turtlesim__rosidl_typesupport_fastrtps_cpp[0m
[0.812s] [  1%] Built target ament_cmake_python_copy_turtlesim
[0.845s] [ 11%] Built target turtlesim__rosidl_generator_c
[0.886s] [ 21%] Built target turtlesim__rosidl_typesupport_cpp
[0.889s] [ 31%] Built target turtlesim__rosidl_typesupport_fastrtps_cpp
[0.911s] [35m[1mConsolidate compiler generated dependencies of target turtlesim__rosidl_typesupport_introspection_cpp[0m
[0.963s] [35m[1mConsolidate compiler generated dependencies of target turtlesim__rosidl_typesupport_fastrtps_c[0m
[0.999s] [ 41%] Built target turtlesim__rosidl_typesupport_introspection_cpp
[1.022s] [35m[1mConsolidate compiler generated dependencies of target turtlesim__rosidl_typesupport_introspection_c[0m
[1.056s] [ 51%] Built target turtlesim__rosidl_typesupport_fastrtps_c
[1.058s] [35m[1mConsolidate compiler generated dependencies of target turtlesim__rosidl_typesupport_c[0m
[1.114s] [35m[1mConsolidate compiler generated dependencies of target turtlesim_node[0m
[1.133s] [ 61%] Built target turtlesim__rosidl_typesupport_introspection_c
[1.169s] [ 71%] Built target turtlesim__rosidl_typesupport_c
[1.187s] [35m[1mConsolidate compiler generated dependencies of target turtle_teleop_key[0m
[1.230s] [35m[1mConsolidate compiler generated dependencies of target draw_square[0m
[1.286s] running egg_info
[1.288s] writing turtlesim.egg-info/PKG-INFO
[1.293s] writing dependency_links to turtlesim.egg-info/dependency_links.txt
[1.298s] writing top-level names to turtlesim.egg-info/top_level.txt
[1.325s] reading manifest file 'turtlesim.egg-info/SOURCES.txt'
[1.327s] writing manifest file 'turtlesim.egg-info/SOURCES.txt'
[1.381s] [ 77%] Built target turtlesim_node
[1.395s] [ 79%] Built target draw_square
[1.414s] [ 81%] Built target turtle_teleop_key
[1.433s] [ 81%] Built target ament_cmake_python_build_turtlesim_egg
[1.442s] [35m[1mConsolidate compiler generated dependencies of target mimic[0m
[1.481s] [ 81%] Built target turtlesim
[1.481s] [ 83%] Built target mimic
[1.541s] [ 84%] Built target turtlesim__py
[1.614s] [35m[1mConsolidate compiler generated dependencies of target turtlesim__rosidl_generator_py[0m
[1.712s] [ 93%] Built target turtlesim__rosidl_generator_py
[1.766s] [35m[1mConsolidate compiler generated dependencies of target turtlesim__rosidl_typesupport_introspection_c__pyext[0m
[1.773s] [35m[1mConsolidate compiler generated dependencies of target turtlesim__rosidl_typesupport_fastrtps_c__pyext[0m
[1.788s] [35m[1mConsolidate compiler generated dependencies of target turtlesim__rosidl_typesupport_c__pyext[0m
[1.815s] [ 95%] Built target turtlesim__rosidl_typesupport_introspection_c__pyext
[1.849s] [ 97%] Built target turtlesim__rosidl_typesupport_fastrtps_c__pyext
[1.859s] [100%] Built target turtlesim__rosidl_typesupport_c__pyext
[1.921s] Invoked command in '/home/skpro/Desktop/Robotics Learning/ros2_ws/build/turtlesim' returned '0': CMAKE_PREFIX_PATH=/opt/ros/humble /usr/bin/cmake --build /home/skpro/Desktop/Robotics Learning/ros2_ws/build/turtlesim -- -j4 -l4
[1.952s] Invoking command in '/home/skpro/Desktop/Robotics Learning/ros2_ws/build/turtlesim': CMAKE_PREFIX_PATH=/opt/ros/humble /usr/bin/cmake --install /home/skpro/Desktop/Robotics Learning/ros2_ws/build/turtlesim
[1.964s] -- Install configuration: ""
[1.968s] -- Up-to-date: /home/skpro/Desktop/Robotics Learning/ros2_ws/install/turtlesim/share/ament_index/resource_index/rosidl_interfaces/turtlesim
[1.968s] -- Up-to-date: /home/skpro/Desktop/Robotics Learning/ros2_ws/install/turtlesim/include/turtlesim/turtlesim
[1.969s] -- Up-to-date: /home/skpro/Desktop/Robotics Learning/ros2_ws/install/turtlesim/include/turtlesim/turtlesim/msg
[1.969s] -- Up-to-date: /home/skpro/Desktop/Robotics Learning/ros2_ws/install/turtlesim/include/turtlesim/turtlesim/msg/rosidl_generator_c__visibility_control.h
[1.969s] -- Up-to-date: /home/skpro/Desktop/Robotics Learning/ros2_ws/install/turtlesim/include/turtlesim/turtlesim/msg/pose.h
[1.969s] -- Up-to-date: /home/skpro/Desktop/Robotics Learning/ros2_ws/install/turtlesim/include/turtlesim/turtlesim/msg/detail
[1.969s] -- Up-to-date: /home/skpro/Desktop/Robotics Learning/ros2_ws/install/turtlesim/include/turtlesim/turtlesim/msg/detail/color__functions.c
[1.969s] -- Up-to-date: /home/skpro/Desktop/Robotics Learning/ros2_ws/install/turtlesim/include/turtlesim/turtlesim/msg/detail/pose__functions.c
[1.969s] -- Up-to-date: /home/skpro/Desktop/Robotics Learning/ros2_ws/install/turtlesim/include/turtlesim/turtlesim/msg/detail/color__functions.h
[1.969s] -- Up-to-date: /home/skpro/Desktop/Robotics Learning/ros2_ws/install/turtlesim/include/turtlesim/turtlesim/msg/detail/pose__type_support.h
[1.969s] -- Up-to-date: /home/skpro/Desktop/Robotics Learning/ros2_ws/install/turtlesim/include/turtlesim/turtlesim/msg/detail/pose__struct.h
[1.970s] -- Up-to-date: /home/skpro/Desktop/Robotics Learning/ros2_ws/install/turtlesim/include/turtlesim/turtlesim/msg/detail/color__struct.h
[1.970s] -- Up-to-date: /home/skpro/Desktop/Robotics Learning/ros2_ws/install/turtlesim/include/turtlesim/turtlesim/msg/detail/color__type_support.h
[1.970s] -- Up-to-date: /home/skpro/Desktop/Robotics Learning/ros2_ws/install/turtlesim/include/turtlesim/turtlesim/msg/detail/pose__functions.h
[1.970s] -- Up-to-date: /home/skpro/Desktop/Robotics Learning/ros2_ws/install/turtlesim/include/turtlesim/turtlesim/msg/color.h
[1.970s] -- Up-to-date: /home/skpro/Desktop/Robotics Learning/ros2_ws/install/turtlesim/include/turtlesim/turtlesim/srv
[1.970s] -- Up-to-date: /home/skpro/Desktop/Robotics Learning/ros2_ws/install/turtlesim/include/turtlesim/turtlesim/srv/kill.h
[1.970s] -- Up-to-date: /home/skpro/Desktop/Robotics Learning/ros2_ws/install/turtlesim/include/turtlesim/turtlesim/srv/teleport_relative.h
[1.970s] -- Up-to-date: /home/skpro/Desktop/Robotics Learning/ros2_ws/install/turtlesim/include/turtlesim/turtlesim/srv/spawn.h
[1.970s] -- Up-to-date: /home/skpro/Desktop/Robotics Learning/ros2_ws/install/turtlesim/include/turtlesim/turtlesim/srv/teleport_absolute.h
[1.970s] -- Up-to-date: /home/skpro/Desktop/Robotics Learning/ros2_ws/install/turtlesim/include/turtlesim/turtlesim/srv/detail
[1.971s] -- Up-to-date: /home/skpro/Desktop/Robotics Learning/ros2_ws/install/turtlesim/include/turtlesim/turtlesim/srv/detail/teleport_absolute__type_support.h
[1.971s] -- Up-to-date: /home/skpro/Desktop/Robotics Learning/ros2_ws/install/turtlesim/include/turtlesim/turtlesim/srv/detail/kill__functions.c
[1.971s] -- Up-to-date: /home/skpro/Desktop/Robotics Learning/ros2_ws/install/turtlesim/include/turtlesim/turtlesim/srv/detail/kill__struct.h
[1.971s] -- Up-to-date: /home/skpro/Desktop/Robotics Learning/ros2_ws/install/turtlesim/include/turtlesim/turtlesim/srv/detail/teleport_absolute__functions.c
[1.974s] -- Up-to-date: /home/skpro/Desktop/Robotics Learning/ros2_ws/install/turtlesim/include/turtlesim/turtlesim/srv/detail/teleport_absolute__struct.h
[1.974s] -- Up-to-date: /home/skpro/Desktop/Robotics Learning/ros2_ws/install/turtlesim/include/turtlesim/turtlesim/srv/detail/set_pen__struct.h
[1.975s] -- Up-to-date: /home/skpro/Desktop/Robotics Learning/ros2_ws/install/turtlesim/include/turtlesim/turtlesim/srv/detail/spawn__struct.h
[1.975s] -- Up-to-date: /home/skpro/Desktop/Robotics Learning/ros2_ws/install/turtlesim/include/turtlesim/turtlesim/srv/detail/teleport_relative__type_support.h
[1.975s] -- Up-to-date: /home/skpro/Desktop/Robotics Learning/ros2_ws/install/turtlesim/include/turtlesim/turtlesim/srv/detail/teleport_relative__functions.c
[1.975s] -- Up-to-date: /home/skpro/Desktop/Robotics Learning/ros2_ws/install/turtlesim/include/turtlesim/turtlesim/srv/detail/teleport_relative__struct.h
[1.976s] -- Up-to-date: /home/skpro/Desktop/Robotics Learning/ros2_ws/install/turtlesim/include/turtlesim/turtlesim/srv/detail/set_pen__functions.c
[1.976s] -- Up-to-date: /home/skpro/Desktop/Robotics Learning/ros2_ws/install/turtlesim/include/turtlesim/turtlesim/srv/detail/spawn__functions.h
[1.977s] -- Up-to-date: /home/skpro/Desktop/Robotics Learning/ros2_ws/install/turtlesim/include/turtlesim/turtlesim/srv/detail/spawn__type_support.h
[1.977s] -- Up-to-date: /home/skpro/Desktop/Robotics Learning/ros2_ws/install/turtlesim/include/turtlesim/turtlesim/srv/detail/set_pen__type_support.h
[1.977s] -- Up-to-date: /home/skpro/Desktop/Robotics Learning/ros2_ws/install/turtlesim/include/turtlesim/turtlesim/srv/detail/teleport_absolute__functions.h
[1.977s] -- Up-to-date: /home/skpro/Desktop/Robotics Learning/ros2_ws/install/turtlesim/include/turtlesim/turtlesim/srv/detail/spawn__functions.c
[1.977s] -- Up-to-date: /home/skpro/Desktop/Robotics Learning/ros2_ws/install/turtlesim/include/turtlesim/turtlesim/srv/detail/teleport_relative__functions.h
[1.977s] -- Up-to-date: /home/skpro/Desktop/Robotics Learning/ros2_ws/install/turtlesim/include/turtlesim/turtlesim/srv/detail/kill__functions.h
[1.978s] -- Up-to-date: /home/skpro/Desktop/Robotics Learning/ros2_ws/install/turtlesim/include/turtlesim/turtlesim/srv/detail/kill__type_support.h
[1.978s] -- Up-to-date: /home/skpro/Desktop/Robotics Learning/ros2_ws/install/turtlesim/include/turtlesim/turtlesim/srv/detail/set_pen__functions.h
[1.978s] -- Up-to-date: /home/skpro/Desktop/Robotics Learning/ros2_ws/install/turtlesim/include/turtlesim/turtlesim/srv/set_pen.h
[1.978s] -- Up-to-date: /home/skpro/Desktop/Robotics Learning/ros2_ws/install/turtlesim/include/turtlesim/turtlesim/action
[1.978s] -- Up-to-date: /home/skpro/Desktop/Robotics Learning/ros2_ws/install/turtlesim/include/turtlesim/turtlesim/action/rotate_absolute.h
[1.978s] -- Up-to-date: /home/skpro/Desktop/Robotics Learning/ros2_ws/install/turtlesim/include/turtlesim/turtlesim/action/detail
[1.978s] -- Up-to-date: /home/skpro/Desktop/Robotics Learning/ros2_ws/install/turtlesim/include/turtlesim/turtlesim/action/detail/rotate_absolute__struct.h
[1.978s] -- Up-to-date: /home/skpro/Desktop/Robotics Learning/ros2_ws/install/turtlesim/include/turtlesim/turtlesim/action/detail/rotate_absolute__functions.c
[1.978s] -- Up-to-date: /home/skpro/Desktop/Robotics Learning/ros2_ws/install/turtlesim/include/turtlesim/turtlesim/action/detail/rotate_absolute__functions.h
[1.978s] -- Up-to-date: /home/skpro/Desktop/Robotics Learning/ros2_ws/install/turtlesim/include/turtlesim/turtlesim/action/detail/rotate_absolute__type_support.h
[1.978s] -- Up-to-date: /home/skpro/Desktop/Robotics Learning/ros2_ws/install/turtlesim/share/turtlesim/environment/library_path.sh
[1.979s] -- Up-to-date: /home/skpro/Desktop/Robotics Learning/ros2_ws/install/turtlesim/share/turtlesim/environment/library_path.dsv
[1.979s] -- Up-to-date: /home/skpro/Desktop/Robotics Learning/ros2_ws/install/turtlesim/lib/libturtlesim__rosidl_generator_c.so
[1.979s] -- Up-to-date: /home/skpro/Desktop/Robotics Learning/ros2_ws/install/turtlesim/include/turtlesim/turtlesim
[1.979s] -- Up-to-date: /home/skpro/Desktop/Robotics Learning/ros2_ws/install/turtlesim/include/turtlesim/turtlesim/msg
[1.980s] -- Up-to-date: /home/skpro/Desktop/Robotics Learning/ros2_ws/install/turtlesim/include/turtlesim/turtlesim/msg/rosidl_typesupport_fastrtps_c__visibility_control.h
[1.981s] -- Up-to-date: /home/skpro/Desktop/Robotics Learning/ros2_ws/install/turtlesim/include/turtlesim/turtlesim/msg/detail
[1.981s] -- Up-to-date: /home/skpro/Desktop/Robotics Learning/ros2_ws/install/turtlesim/include/turtlesim/turtlesim/msg/detail/pose__rosidl_typesupport_fastrtps_c.h
[1.981s] -- Up-to-date: /home/skpro/Desktop/Robotics Learning/ros2_ws/install/turtlesim/include/turtlesim/turtlesim/msg/detail/color__rosidl_typesupport_fastrtps_c.h
[1.981s] -- Up-to-date: /home/skpro/Desktop/Robotics Learning/ros2_ws/install/turtlesim/include/turtlesim/turtlesim/srv
[1.981s] -- Up-to-date: /home/skpro/Desktop/Robotics Learning/ros2_ws/install/turtlesim/include/turtlesim/turtlesim/srv/detail
[1.981s] -- Up-to-date: /home/skpro/Desktop/Robotics Learning/ros2_ws/install/turtlesim/include/turtlesim/turtlesim/srv/detail/set_pen__rosidl_typesupport_fastrtps_c.h
[1.981s] -- Up-to-date: /home/skpro/Desktop/Robotics Learning/ros2_ws/install/turtlesim/include/turtlesim/turtlesim/srv/detail/teleport_relative__rosidl_typesupport_fastrtps_c.h
[1.981s] -- Up-to-date: /home/skpro/Desktop/Robotics Learning/ros2_ws/install/turtlesim/include/turtlesim/turtlesim/srv/detail/spawn__rosidl_typesupport_fastrtps_c.h
[1.981s] -- Up-to-date: /home/skpro/Desktop/Robotics Learning/ros2_ws/install/turtlesim/include/turtlesim/turtlesim/srv/detail/kill__rosidl_typesupport_fastrtps_c.h
[1.981s] -- Up-to-date: /home/skpro/Desktop/Robotics Learning/ros2_ws/install/turtlesim/include/turtlesim/turtlesim/srv/detail/teleport_absolute__rosidl_typesupport_fastrtps_c.h
[1.981s] -- Up-to-date: /home/skpro/Desktop/Robotics Learning/ros2_ws/install/turtlesim/include/turtlesim/turtlesim/action
[1.982s] -- Up-to-date: /home/skpro/Desktop/Robotics Learning/ros2_ws/install/turtlesim/include/turtlesim/turtlesim/action/detail
[1.982s] -- Up-to-date: /home/skpro/Desktop/Robotics Learning/ros2_ws/install/turtlesim/include/turtlesim/turtlesim/action/detail/rotate_absolute__rosidl_typesupport_fastrtps_c.h
[1.985s] -- Up-to-date: /home/skpro/Desktop/Robotics Learning/ros2_ws/install/turtlesim/lib/libturtlesim__rosidl_typesupport_fastrtps_c.so
[1.985s] -- Up-to-date: /home/skpro/Desktop/Robotics Learning/ros2_ws/install/turtlesim/include/turtlesim/turtlesim
[1.985s] -- Up-to-date: /home/skpro/Desktop/Robotics Learning/ros2_ws/install/turtlesim/include/turtlesim/turtlesim/msg
[1.985s] -- Up-to-date: /home/skpro/Desktop/Robotics Learning/ros2_ws/install/turtlesim/include/turtlesim/turtlesim/msg/pose.hpp
[1.986s] -- Up-to-date: /home/skpro/Desktop/Robotics Learning/ros2_ws/install/turtlesim/include/turtlesim/turtlesim/msg/rosidl_generator_cpp__visibility_control.hpp
[1.987s] -- Up-to-date: /home/skpro/Desktop/Robotics Learning/ros2_ws/install/turtlesim/include/turtlesim/turtlesim/msg/color.hpp
[1.987s] -- Up-to-date: /home/skpro/Desktop/Robotics Learning/ros2_ws/install/turtlesim/include/turtlesim/turtlesim/msg/detail
[1.987s] -- Up-to-date: /home/skpro/Desktop/Robotics Learning/ros2_ws/install/turtlesim/include/turtlesim/turtlesim/msg/detail/pose__struct.hpp
[1.987s] -- Up-to-date: /home/skpro/Desktop/Robotics Learning/ros2_ws/install/turtlesim/include/turtlesim/turtlesim/msg/detail/pose__builder.hpp
[1.987s] -- Up-to-date: /home/skpro/Desktop/Robotics Learning/ros2_ws/install/turtlesim/include/turtlesim/turtlesim/msg/detail/pose__type_support.hpp
[1.987s] -- Up-to-date: /home/skpro/Desktop/Robotics Learning/ros2_ws/install/turtlesim/include/turtlesim/turtlesim/msg/detail/color__type_support.hpp
[1.987s] -- Up-to-date: /home/skpro/Desktop/Robotics Learning/ros2_ws/install/turtlesim/include/turtlesim/turtlesim/msg/detail/color__traits.hpp
[1.987s] -- Up-to-date: /home/skpro/Desktop/Robotics Learning/ros2_ws/install/turtlesim/include/turtlesim/turtlesim/msg/detail/color__builder.hpp
[1.988s] -- Up-to-date: /home/skpro/Desktop/Robotics Learning/ros2_ws/install/turtlesim/include/turtlesim/turtlesim/msg/detail/pose__traits.hpp
[1.988s] -- Up-to-date: /home/skpro/Desktop/Robotics Learning/ros2_ws/install/turtlesim/include/turtlesim/turtlesim/msg/detail/color__struct.hpp
[1.989s] -- Up-to-date: /home/skpro/Desktop/Robotics Learning/ros2_ws/install/turtlesim/include/turtlesim/turtlesim/srv
[1.989s] -- Up-to-date: /home/skpro/Desktop/Robotics Learning/ros2_ws/install/turtlesim/include/turtlesim/turtlesim/srv/set_pen.hpp
[1.989s] -- Up-to-date: /home/skpro/Desktop/Robotics Learning/ros2_ws/install/turtlesim/include/turtlesim/turtlesim/srv/kill.hpp
[1.989s] -- Up-to-date: /home/skpro/Desktop/Robotics Learning/ros2_ws/install/turtlesim/include/turtlesim/turtlesim/srv/teleport_absolute.hpp
[1.989s] -- Up-to-date: /home/skpro/Desktop/Robotics Learning/ros2_ws/install/turtlesim/include/turtlesim/turtlesim/srv/teleport_relative.hpp
[1.989s] -- Up-to-date: /home/skpro/Desktop/Robotics Learning/ros2_ws/install/turtlesim/include/turtlesim/turtlesim/srv/detail
[1.989s] -- Up-to-date: /home/skpro/Desktop/Robotics Learning/ros2_ws/install/turtlesim/include/turtlesim/turtlesim/srv/detail/set_pen__type_support.hpp
[1.989s] -- Up-to-date: /home/skpro/Desktop/Robotics Learning/ros2_ws/install/turtlesim/include/turtlesim/turtlesim/srv/detail/set_pen__struct.hpp
[1.989s] -- Up-to-date: /home/skpro/Desktop/Robotics Learning/ros2_ws/install/turtlesim/include/turtlesim/turtlesim/srv/detail/teleport_absolute__struct.hpp
[1.989s] -- Up-to-date: /home/skpro/Desktop/Robotics Learning/ros2_ws/install/turtlesim/include/turtlesim/turtlesim/srv/detail/spawn__type_support.hpp
[1.989s] -- Up-to-date: /home/skpro/Desktop/Robotics Learning/ros2_ws/install/turtlesim/include/turtlesim/turtlesim/srv/detail/kill__traits.hpp
[1.989s] -- Up-to-date: /home/skpro/Desktop/Robotics Learning/ros2_ws/install/turtlesim/include/turtlesim/turtlesim/srv/detail/spawn__builder.hpp
[1.989s] -- Up-to-date: /home/skpro/Desktop/Robotics Learning/ros2_ws/install/turtlesim/include/turtlesim/turtlesim/srv/detail/spawn__traits.hpp
[1.989s] -- Up-to-date: /home/skpro/Desktop/Robotics Learning/ros2_ws/install/turtlesim/include/turtlesim/turtlesim/srv/detail/teleport_relative__type_support.hpp
[1.992s] -- Up-to-date: /home/skpro/Desktop/Robotics Learning/ros2_ws/install/turtlesim/include/turtlesim/turtlesim/srv/detail/teleport_relative__traits.hpp
[1.992s] -- Up-to-date: /home/skpro/Desktop/Robotics Learning/ros2_ws/install/turtlesim/include/turtlesim/turtlesim/srv/detail/set_pen__traits.hpp
[1.993s] -- Up-to-date: /home/skpro/Desktop/Robotics Learning/ros2_ws/install/turtlesim/include/turtlesim/turtlesim/srv/detail/teleport_relative__builder.hpp
[1.993s] -- Up-to-date: /home/skpro/Desktop/Robotics Learning/ros2_ws/install/turtlesim/include/turtlesim/turtlesim/srv/detail/teleport_absolute__builder.hpp
[1.993s] -- Up-to-date: /home/skpro/Desktop/Robotics Learning/ros2_ws/install/turtlesim/include/turtlesim/turtlesim/srv/detail/teleport_relative__struct.hpp
[1.993s] -- Up-to-date: /home/skpro/Desktop/Robotics Learning/ros2_ws/install/turtlesim/include/turtlesim/turtlesim/srv/detail/teleport_absolute__type_support.hpp
[1.993s] -- Up-to-date: /home/skpro/Desktop/Robotics Learning/ros2_ws/install/turtlesim/include/turtlesim/turtlesim/srv/detail/kill__builder.hpp
[1.997s] -- Up-to-date: /home/skpro/Desktop/Robotics Learning/ros2_ws/install/turtlesim/include/turtlesim/turtlesim/srv/detail/kill__type_support.hpp
[1.998s] -- Up-to-date: /home/skpro/Desktop/Robotics Learning/ros2_ws/install/turtlesim/include/turtlesim/turtlesim/srv/detail/set_pen__builder.hpp
[1.999s] -- Up-to-date: /home/skpro/Desktop/Robotics Learning/ros2_ws/install/turtlesim/include/turtlesim/turtlesim/srv/detail/spawn__struct.hpp
[2.000s] -- Up-to-date: /home/skpro/Desktop/Robotics Learning/ros2_ws/install/turtlesim/include/turtlesim/turtlesim/srv/detail/teleport_absolute__traits.hpp
[2.000s] -- Up-to-date: /home/skpro/Desktop/Robotics Learning/ros2_ws/install/turtlesim/include/turtlesim/turtlesim/srv/detail/kill__struct.hpp
[2.000s] -- Up-to-date: /home/skpro/Desktop/Robotics Learning/ros2_ws/install/turtlesim/include/turtlesim/turtlesim/srv/spawn.hpp
[2.000s] -- Up-to-date: /home/skpro/Desktop/Robotics Learning/ros2_ws/install/turtlesim/include/turtlesim/turtlesim/action
[2.000s] -- Up-to-date: /home/skpro/Desktop/Robotics Learning/ros2_ws/install/turtlesim/include/turtlesim/turtlesim/action/rotate_absolute.hpp
[2.000s] -- Up-to-date: /home/skpro/Desktop/Robotics Learning/ros2_ws/install/turtlesim/include/turtlesim/turtlesim/action/detail
[2.000s] -- Up-to-date: /home/skpro/Desktop/Robotics Learning/ros2_ws/install/turtlesim/include/turtlesim/turtlesim/action/detail/rotate_absolute__builder.hpp
[2.000s] -- Up-to-date: /home/skpro/Desktop/Robotics Learning/ros2_ws/install/turtlesim/include/turtlesim/turtlesim/action/detail/rotate_absolute__struct.hpp
[2.000s] -- Up-to-date: /home/skpro/Desktop/Robotics Learning/ros2_ws/install/turtlesim/include/turtlesim/turtlesim/action/detail/rotate_absolute__type_support.hpp
[2.000s] -- Up-to-date: /home/skpro/Desktop/Robotics Learning/ros2_ws/install/turtlesim/include/turtlesim/turtlesim/action/detail/rotate_absolute__traits.hpp
[2.000s] -- Up-to-date: /home/skpro/Desktop/Robotics Learning/ros2_ws/install/turtlesim/include/turtlesim/turtlesim
[2.000s] -- Up-to-date: /home/skpro/Desktop/Robotics Learning/ros2_ws/install/turtlesim/include/turtlesim/turtlesim/msg
[2.000s] -- Up-to-date: /home/skpro/Desktop/Robotics Learning/ros2_ws/install/turtlesim/include/turtlesim/turtlesim/msg/rosidl_typesupport_fastrtps_cpp__visibility_control.h
[2.000s] -- Up-to-date: /home/skpro/Desktop/Robotics Learning/ros2_ws/install/turtlesim/include/turtlesim/turtlesim/msg/detail
[2.001s] -- Up-to-date: /home/skpro/Desktop/Robotics Learning/ros2_ws/install/turtlesim/include/turtlesim/turtlesim/msg/detail/pose__rosidl_typesupport_fastrtps_cpp.hpp
[2.001s] -- Up-to-date: /home/skpro/Desktop/Robotics Learning/ros2_ws/install/turtlesim/include/turtlesim/turtlesim/msg/detail/dds_fastrtps
[2.001s] -- Up-to-date: /home/skpro/Desktop/Robotics Learning/ros2_ws/install/turtlesim/include/turtlesim/turtlesim/msg/detail/color__rosidl_typesupport_fastrtps_cpp.hpp
[2.001s] -- Up-to-date: /home/skpro/Desktop/Robotics Learning/ros2_ws/install/turtlesim/include/turtlesim/turtlesim/srv
[2.001s] -- Up-to-date: /home/skpro/Desktop/Robotics Learning/ros2_ws/install/turtlesim/include/turtlesim/turtlesim/srv/detail
[2.001s] -- Up-to-date: /home/skpro/Desktop/Robotics Learning/ros2_ws/install/turtlesim/include/turtlesim/turtlesim/srv/detail/set_pen__rosidl_typesupport_fastrtps_cpp.hpp
[2.001s] -- Up-to-date: /home/skpro/Desktop/Robotics Learning/ros2_ws/install/turtlesim/include/turtlesim/turtlesim/srv/detail/teleport_absolute__rosidl_typesupport_fastrtps_cpp.hpp
[2.001s] -- Up-to-date: /home/skpro/Desktop/Robotics Learning/ros2_ws/install/turtlesim/include/turtlesim/turtlesim/srv/detail/teleport_relative__rosidl_typesupport_fastrtps_cpp.hpp
[2.001s] -- Up-to-date: /home/skpro/Desktop/Robotics Learning/ros2_ws/install/turtlesim/include/turtlesim/turtlesim/srv/detail/dds_fastrtps
[2.002s] -- Up-to-date: /home/skpro/Desktop/Robotics Learning/ros2_ws/install/turtlesim/include/turtlesim/turtlesim/srv/detail/spawn__rosidl_typesupport_fastrtps_cpp.hpp
[2.002s] -- Up-to-date: /home/skpro/Desktop/Robotics Learning/ros2_ws/install/turtlesim/include/turtlesim/turtlesim/srv/detail/kill__rosidl_typesupport_fastrtps_cpp.hpp
[2.002s] -- Up-to-date: /home/skpro/Desktop/Robotics Learning/ros2_ws/install/turtlesim/include/turtlesim/turtlesim/action
[2.002s] -- Up-to-date: /home/skpro/Desktop/Robotics Learning/ros2_ws/install/turtlesim/include/turtlesim/turtlesim/action/detail
[2.002s] -- Up-to-date: /home/skpro/Desktop/Robotics Learning/ros2_ws/install/turtlesim/include/turtlesim/turtlesim/action/detail/dds_fastrtps
[2.002s] -- Up-to-date: /home/skpro/Desktop/Robotics Learning/ros2_ws/install/turtlesim/include/turtlesim/turtlesim/action/detail/rotate_absolute__rosidl_typesupport_fastrtps_cpp.hpp
[2.002s] -- Up-to-date: /home/skpro/Desktop/Robotics Learning/ros2_ws/install/turtlesim/lib/libturtlesim__rosidl_typesupport_fastrtps_cpp.so
[2.002s] -- Up-to-date: /home/skpro/Desktop/Robotics Learning/ros2_ws/install/turtlesim/include/turtlesim/turtlesim
[2.002s] -- Up-to-date: /home/skpro/Desktop/Robotics Learning/ros2_ws/install/turtlesim/include/turtlesim/turtlesim/msg
[2.002s] -- Up-to-date: /home/skpro/Desktop/Robotics Learning/ros2_ws/install/turtlesim/include/turtlesim/turtlesim/msg/detail
[2.002s] -- Up-to-date: /home/skpro/Desktop/Robotics Learning/ros2_ws/install/turtlesim/include/turtlesim/turtlesim/msg/detail/color__rosidl_typesupport_introspection_c.h
[2.002s] -- Up-to-date: /home/skpro/Desktop/Robotics Learning/ros2_ws/install/turtlesim/include/turtlesim/turtlesim/msg/detail/color__type_support.c
[2.002s] -- Up-to-date: /home/skpro/Desktop/Robotics Learning/ros2_ws/install/turtlesim/include/turtlesim/turtlesim/msg/detail/pose__type_support.c
[2.002s] -- Up-to-date: /home/skpro/Desktop/Robotics Learning/ros2_ws/install/turtlesim/include/turtlesim/turtlesim/msg/detail/pose__rosidl_typesupport_introspection_c.h
[2.002s] -- Up-to-date: /home/skpro/Desktop/Robotics Learning/ros2_ws/install/turtlesim/include/turtlesim/turtlesim/msg/rosidl_typesupport_introspection_c__visibility_control.h
[2.002s] -- Up-to-date: /home/skpro/Desktop/Robotics Learning/ros2_ws/install/turtlesim/include/turtlesim/turtlesim/srv
[2.002s] -- Up-to-date: /home/skpro/Desktop/Robotics Learning/ros2_ws/install/turtlesim/include/turtlesim/turtlesim/srv/detail
[2.002s] -- Up-to-date: /home/skpro/Desktop/Robotics Learning/ros2_ws/install/turtlesim/include/turtlesim/turtlesim/srv/detail/set_pen__rosidl_typesupport_introspection_c.h
[2.002s] -- Up-to-date: /home/skpro/Desktop/Robotics Learning/ros2_ws/install/turtlesim/include/turtlesim/turtlesim/srv/detail/teleport_absolute__rosidl_typesupport_introspection_c.h
[2.002s] -- Up-to-date: /home/skpro/Desktop/Robotics Learning/ros2_ws/install/turtlesim/include/turtlesim/turtlesim/srv/detail/teleport_relative__type_support.c
[2.002s] -- Up-to-date: /home/skpro/Desktop/Robotics Learning/ros2_ws/install/turtlesim/include/turtlesim/turtlesim/srv/detail/set_pen__type_support.c
[2.002s] -- Up-to-date: /home/skpro/Desktop/Robotics Learning/ros2_ws/install/turtlesim/include/turtlesim/turtlesim/srv/detail/kill__type_support.c
[2.002s] -- Up-to-date: /home/skpro/Desktop/Robotics Learning/ros2_ws/install/turtlesim/include/turtlesim/turtlesim/srv/detail/kill__rosidl_typesupport_introspection_c.h
[2.002s] -- Up-to-date: /home/skpro/Desktop/Robotics Learning/ros2_ws/install/turtlesim/include/turtlesim/turtlesim/srv/detail/spawn__type_support.c
[2.003s] -- Up-to-date: /home/skpro/Desktop/Robotics Learning/ros2_ws/install/turtlesim/include/turtlesim/turtlesim/srv/detail/teleport_absolute__type_support.c
[2.003s] -- Up-to-date: /home/skpro/Desktop/Robotics Learning/ros2_ws/install/turtlesim/include/turtlesim/turtlesim/srv/detail/spawn__rosidl_typesupport_introspection_c.h
[2.003s] -- Up-to-date: /home/skpro/Desktop/Robotics Learning/ros2_ws/install/turtlesim/include/turtlesim/turtlesim/srv/detail/teleport_relative__rosidl_typesupport_introspection_c.h
[2.003s] -- Up-to-date: /home/skpro/Desktop/Robotics Learning/ros2_ws/install/turtlesim/include/turtlesim/turtlesim/action
[2.003s] -- Up-to-date: /home/skpro/Desktop/Robotics Learning/ros2_ws/install/turtlesim/include/turtlesim/turtlesim/action/detail
[2.003s] -- Up-to-date: /home/skpro/Desktop/Robotics Learning/ros2_ws/install/turtlesim/include/turtlesim/turtlesim/action/detail/rotate_absolute__rosidl_typesupport_introspection_c.h
[2.003s] -- Up-to-date: /home/skpro/Desktop/Robotics Learning/ros2_ws/install/turtlesim/include/turtlesim/turtlesim/action/detail/rotate_absolute__type_support.c
[2.003s] -- Up-to-date: /home/skpro/Desktop/Robotics Learning/ros2_ws/install/turtlesim/lib/libturtlesim__rosidl_typesupport_introspection_c.so
[2.005s] -- Up-to-date: /home/skpro/Desktop/Robotics Learning/ros2_ws/install/turtlesim/lib/libturtlesim__rosidl_typesupport_c.so
[2.005s] -- Up-to-date: /home/skpro/Desktop/Robotics Learning/ros2_ws/install/turtlesim/include/turtlesim/turtlesim
[2.006s] -- Up-to-date: /home/skpro/Desktop/Robotics Learning/ros2_ws/install/turtlesim/include/turtlesim/turtlesim/msg
[2.006s] -- Up-to-date: /home/skpro/Desktop/Robotics Learning/ros2_ws/install/turtlesim/include/turtlesim/turtlesim/msg/detail
[2.006s] -- Up-to-date: /home/skpro/Desktop/Robotics Learning/ros2_ws/install/turtlesim/include/turtlesim/turtlesim/msg/detail/color__type_support.cpp
[2.006s] -- Up-to-date: /home/skpro/Desktop/Robotics Learning/ros2_ws/install/turtlesim/include/turtlesim/turtlesim/msg/detail/pose__type_support.cpp
[2.006s] -- Up-to-date: /home/skpro/Desktop/Robotics Learning/ros2_ws/install/turtlesim/include/turtlesim/turtlesim/msg/detail/pose__rosidl_typesupport_introspection_cpp.hpp
[2.006s] -- Up-to-date: /home/skpro/Desktop/Robotics Learning/ros2_ws/install/turtlesim/include/turtlesim/turtlesim/msg/detail/color__rosidl_typesupport_introspection_cpp.hpp
[2.006s] -- Up-to-date: /home/skpro/Desktop/Robotics Learning/ros2_ws/install/turtlesim/include/turtlesim/turtlesim/srv
[2.006s] -- Up-to-date: /home/skpro/Desktop/Robotics Learning/ros2_ws/install/turtlesim/include/turtlesim/turtlesim/srv/detail
[2.006s] -- Up-to-date: /home/skpro/Desktop/Robotics Learning/ros2_ws/install/turtlesim/include/turtlesim/turtlesim/srv/detail/teleport_relative__type_support.cpp
[2.006s] -- Up-to-date: /home/skpro/Desktop/Robotics Learning/ros2_ws/install/turtlesim/include/turtlesim/turtlesim/srv/detail/set_pen__type_support.cpp
[2.006s] -- Up-to-date: /home/skpro/Desktop/Robotics Learning/ros2_ws/install/turtlesim/include/turtlesim/turtlesim/srv/detail/kill__type_support.cpp
[2.006s] -- Up-to-date: /home/skpro/Desktop/Robotics Learning/ros2_ws/install/turtlesim/include/turtlesim/turtlesim/srv/detail/teleport_absolute__type_support.cpp
[2.006s] -- Up-to-date: /home/skpro/Desktop/Robotics Learning/ros2_ws/install/turtlesim/include/turtlesim/turtlesim/srv/detail/set_pen__rosidl_typesupport_introspection_cpp.hpp
[2.006s] -- Up-to-date: /home/skpro/Desktop/Robotics Learning/ros2_ws/install/turtlesim/include/turtlesim/turtlesim/srv/detail/kill__rosidl_typesupport_introspection_cpp.hpp
[2.007s] -- Up-to-date: /home/skpro/Desktop/Robotics Learning/ros2_ws/install/turtlesim/include/turtlesim/turtlesim/srv/detail/spawn__rosidl_typesupport_introspection_cpp.hpp
[2.007s] -- Up-to-date: /home/skpro/Desktop/Robotics Learning/ros2_ws/install/turtlesim/include/turtlesim/turtlesim/srv/detail/spawn__type_support.cpp
[2.007s] -- Up-to-date: /home/skpro/Desktop/Robotics Learning/ros2_ws/install/turtlesim/include/turtlesim/turtlesim/srv/detail/teleport_relative__rosidl_typesupport_introspection_cpp.hpp
[2.007s] -- Up-to-date: /home/skpro/Desktop/Robotics Learning/ros2_ws/install/turtlesim/include/turtlesim/turtlesim/srv/detail/teleport_absolute__rosidl_typesupport_introspection_cpp.hpp
[2.007s] -- Up-to-date: /home/skpro/Desktop/Robotics Learning/ros2_ws/install/turtlesim/include/turtlesim/turtlesim/action
[2.007s] -- Up-to-date: /home/skpro/Desktop/Robotics Learning/ros2_ws/install/turtlesim/include/turtlesim/turtlesim/action/detail
[2.007s] -- Up-to-date: /home/skpro/Desktop/Robotics Learning/ros2_ws/install/turtlesim/include/turtlesim/turtlesim/action/detail/rotate_absolute__rosidl_typesupport_introspection_cpp.hpp
[2.007s] -- Up-to-date: /home/skpro/Desktop/Robotics Learning/ros2_ws/install/turtlesim/include/turtlesim/turtlesim/action/detail/rotate_absolute__type_support.cpp
[2.007s] -- Up-to-date: /home/skpro/Desktop/Robotics Learning/ros2_ws/install/turtlesim/lib/libturtlesim__rosidl_typesupport_introspection_cpp.so
[2.007s] -- Up-to-date: /home/skpro/Desktop/Robotics Learning/ros2_ws/install/turtlesim/lib/libturtlesim__rosidl_typesupport_cpp.so
[2.007s] -- Up-to-date: /home/skpro/Desktop/Robotics Learning/ros2_ws/install/turtlesim/share/turtlesim/environment/pythonpath.sh
[2.011s] -- Up-to-date: /home/skpro/Desktop/Robotics Learning/ros2_ws/install/turtlesim/share/turtlesim/environment/pythonpath.dsv
[2.011s] -- Up-to-date: /home/skpro/Desktop/Robotics Learning/ros2_ws/install/turtlesim/local/lib/python3.10/dist-packages/turtlesim-1.4.2-py3.10.egg-info
[2.011s] -- Installing: /home/skpro/Desktop/Robotics Learning/ros2_ws/install/turtlesim/local/lib/python3.10/dist-packages/turtlesim-1.4.2-py3.10.egg-info/SOURCES.txt
[2.011s] -- Installing: /home/skpro/Desktop/Robotics Learning/ros2_ws/install/turtlesim/local/lib/python3.10/dist-packages/turtlesim-1.4.2-py3.10.egg-info/top_level.txt
[2.011s] -- Installing: /home/skpro/Desktop/Robotics Learning/ros2_ws/install/turtlesim/local/lib/python3.10/dist-packages/turtlesim-1.4.2-py3.10.egg-info/PKG-INFO
[2.011s] -- Installing: /home/skpro/Desktop/Robotics Learning/ros2_ws/install/turtlesim/local/lib/python3.10/dist-packages/turtlesim-1.4.2-py3.10.egg-info/dependency_links.txt
[2.011s] -- Up-to-date: /home/skpro/Desktop/Robotics Learning/ros2_ws/install/turtlesim/local/lib/python3.10/dist-packages/turtlesim
[2.012s] -- Up-to-date: /home/skpro/Desktop/Robotics Learning/ros2_ws/install/turtlesim/local/lib/python3.10/dist-packages/turtlesim/_turtlesim_s.ep.rosidl_typesupport_c.c
[2.012s] -- Up-to-date: /home/skpro/Desktop/Robotics Learning/ros2_ws/install/turtlesim/local/lib/python3.10/dist-packages/turtlesim/_turtlesim_s.ep.rosidl_typesupport_introspection_c.c
[2.012s] -- Up-to-date: /home/skpro/Desktop/Robotics Learning/ros2_ws/install/turtlesim/local/lib/python3.10/dist-packages/turtlesim/msg
[2.016s] -- Up-to-date: /home/skpro/Desktop/Robotics Learning/ros2_ws/install/turtlesim/local/lib/python3.10/dist-packages/turtlesim/msg/_color_s.c
[2.022s] -- Up-to-date: /home/skpro/Desktop/Robotics Learning/ros2_ws/install/turtlesim/local/lib/python3.10/dist-packages/turtlesim/msg/_pose.py
[2.022s] -- Up-to-date: /home/skpro/Desktop/Robotics Learning/ros2_ws/install/turtlesim/local/lib/python3.10/dist-packages/turtlesim/msg/_color.py
[2.022s] -- Up-to-date: /home/skpro/Desktop/Robotics Learning/ros2_ws/install/turtlesim/local/lib/python3.10/dist-packages/turtlesim/msg/_pose_s.c
[2.022s] -- Up-to-date: /home/skpro/Desktop/Robotics Learning/ros2_ws/install/turtlesim/local/lib/python3.10/dist-packages/turtlesim/msg/__init__.py
[2.022s] -- Up-to-date: /home/skpro/Desktop/Robotics Learning/ros2_ws/install/turtlesim/local/lib/python3.10/dist-packages/turtlesim/srv
[2.022s] -- Up-to-date: /home/skpro/Desktop/Robotics Learning/ros2_ws/install/turtlesim/local/lib/python3.10/dist-packages/turtlesim/srv/_kill.py
[2.023s] -- Up-to-date: /home/skpro/Desktop/Robotics Learning/ros2_ws/install/turtlesim/local/lib/python3.10/dist-packages/turtlesim/srv/_teleport_absolute_s.c
[2.023s] -- Up-to-date: /home/skpro/Desktop/Robotics Learning/ros2_ws/install/turtlesim/local/lib/python3.10/dist-packages/turtlesim/srv/_teleport_relative_s.c
[2.023s] -- Up-to-date: /home/skpro/Desktop/Robotics Learning/ros2_ws/install/turtlesim/local/lib/python3.10/dist-packages/turtlesim/srv/_set_pen.py
[2.023s] -- Up-to-date: /home/skpro/Desktop/Robotics Learning/ros2_ws/install/turtlesim/local/lib/python3.10/dist-packages/turtlesim/srv/_spawn_s.c
[2.023s] -- Up-to-date: /home/skpro/Desktop/Robotics Learning/ros2_ws/install/turtlesim/local/lib/python3.10/dist-packages/turtlesim/srv/_teleport_relative.py
[2.023s] -- Up-to-date: /home/skpro/Desktop/Robotics Learning/ros2_ws/install/turtlesim/local/lib/python3.10/dist-packages/turtlesim/srv/_set_pen_s.c
[2.023s] -- Up-to-date: /home/skpro/Desktop/Robotics Learning/ros2_ws/install/turtlesim/local/lib/python3.10/dist-packages/turtlesim/srv/__init__.py
[2.023s] -- Up-to-date: /home/skpro/Desktop/Robotics Learning/ros2_ws/install/turtlesim/local/lib/python3.10/dist-packages/turtlesim/srv/_spawn.py
[2.023s] -- Up-to-date: /home/skpro/Desktop/Robotics Learning/ros2_ws/install/turtlesim/local/lib/python3.10/dist-packages/turtlesim/srv/_kill_s.c
[2.023s] -- Up-to-date: /home/skpro/Desktop/Robotics Learning/ros2_ws/install/turtlesim/local/lib/python3.10/dist-packages/turtlesim/srv/_teleport_absolute.py
[2.023s] -- Up-to-date: /home/skpro/Desktop/Robotics Learning/ros2_ws/install/turtlesim/local/lib/python3.10/dist-packages/turtlesim/turtlesim_s__rosidl_typesupport_introspection_c.cpython-310-x86_64-linux-gnu.so
[2.023s] -- Up-to-date: /home/skpro/Desktop/Robotics Learning/ros2_ws/install/turtlesim/local/lib/python3.10/dist-packages/turtlesim/libturtlesim__rosidl_generator_py.so
[2.023s] -- Up-to-date: /home/skpro/Desktop/Robotics Learning/ros2_ws/install/turtlesim/local/lib/python3.10/dist-packages/turtlesim/turtlesim_s__rosidl_typesupport_fastrtps_c.cpython-310-x86_64-linux-gnu.so
[2.023s] -- Up-to-date: /home/skpro/Desktop/Robotics Learning/ros2_ws/install/turtlesim/local/lib/python3.10/dist-packages/turtlesim/__init__.py
[2.023s] -- Up-to-date: /home/skpro/Desktop/Robotics Learning/ros2_ws/install/turtlesim/local/lib/python3.10/dist-packages/turtlesim/_turtlesim_s.ep.rosidl_typesupport_fastrtps_c.c
[2.023s] -- Up-to-date: /home/skpro/Desktop/Robotics Learning/ros2_ws/install/turtlesim/local/lib/python3.10/dist-packages/turtlesim/turtlesim_s__rosidl_typesupport_c.cpython-310-x86_64-linux-gnu.so
[2.023s] -- Up-to-date: /home/skpro/Desktop/Robotics Learning/ros2_ws/install/turtlesim/local/lib/python3.10/dist-packages/turtlesim/action
[2.023s] -- Up-to-date: /home/skpro/Desktop/Robotics Learning/ros2_ws/install/turtlesim/local/lib/python3.10/dist-packages/turtlesim/action/_rotate_absolute.py
[2.023s] -- Up-to-date: /home/skpro/Desktop/Robotics Learning/ros2_ws/install/turtlesim/local/lib/python3.10/dist-packages/turtlesim/action/__init__.py
[2.023s] -- Up-to-date: /home/skpro/Desktop/Robotics Learning/ros2_ws/install/turtlesim/local/lib/python3.10/dist-packages/turtlesim/action/_rotate_absolute_s.c
[2.072s] Listing '/home/skpro/Desktop/Robotics Learning/ros2_ws/install/turtlesim/local/lib/python3.10/dist-packages/turtlesim'...
[2.072s] Listing '/home/skpro/Desktop/Robotics Learning/ros2_ws/install/turtlesim/local/lib/python3.10/dist-packages/turtlesim/action'...
[2.072s] Listing '/home/skpro/Desktop/Robotics Learning/ros2_ws/install/turtlesim/local/lib/python3.10/dist-packages/turtlesim/msg'...
[2.072s] Listing '/home/skpro/Desktop/Robotics Learning/ros2_ws/install/turtlesim/local/lib/python3.10/dist-packages/turtlesim/srv'...
[2.082s] -- Up-to-date: /home/skpro/Desktop/Robotics Learning/ros2_ws/install/turtlesim/local/lib/python3.10/dist-packages/turtlesim/turtlesim_s__rosidl_typesupport_fastrtps_c.cpython-310-x86_64-linux-gnu.so
[2.084s] -- Up-to-date: /home/skpro/Desktop/Robotics Learning/ros2_ws/install/turtlesim/local/lib/python3.10/dist-packages/turtlesim/turtlesim_s__rosidl_typesupport_introspection_c.cpython-310-x86_64-linux-gnu.so
[2.089s] -- Up-to-date: /home/skpro/Desktop/Robotics Learning/ros2_ws/install/turtlesim/local/lib/python3.10/dist-packages/turtlesim/turtlesim_s__rosidl_typesupport_c.cpython-310-x86_64-linux-gnu.so
[2.091s] -- Up-to-date: /home/skpro/Desktop/Robotics Learning/ros2_ws/install/turtlesim/lib/libturtlesim__rosidl_generator_py.so
[2.094s] -- Up-to-date: /home/skpro/Desktop/Robotics Learning/ros2_ws/install/turtlesim/share/turtlesim/action/RotateAbsolute.idl
[2.094s] -- Up-to-date: /home/skpro/Desktop/Robotics Learning/ros2_ws/install/turtlesim/share/turtlesim/msg/Color.idl
[2.099s] -- Up-to-date: /home/skpro/Desktop/Robotics Learning/ros2_ws/install/turtlesim/share/turtlesim/msg/Pose.idl
[2.100s] -- Up-to-date: /home/skpro/Desktop/Robotics Learning/ros2_ws/install/turtlesim/share/turtlesim/srv/Kill.idl
[2.100s] -- Up-to-date: /home/skpro/Desktop/Robotics Learning/ros2_ws/install/turtlesim/share/turtlesim/srv/SetPen.idl
[2.100s] -- Up-to-date: /home/skpro/Desktop/Robotics Learning/ros2_ws/install/turtlesim/share/turtlesim/srv/Spawn.idl
[2.100s] -- Up-to-date: /home/skpro/Desktop/Robotics Learning/ros2_ws/install/turtlesim/share/turtlesim/srv/TeleportAbsolute.idl
[2.100s] -- Up-to-date: /home/skpro/Desktop/Robotics Learning/ros2_ws/install/turtlesim/share/turtlesim/srv/TeleportRelative.idl
[2.100s] -- Up-to-date: /home/skpro/Desktop/Robotics Learning/ros2_ws/install/turtlesim/share/turtlesim/action/RotateAbsolute.action
[2.101s] -- Up-to-date: /home/skpro/Desktop/Robotics Learning/ros2_ws/install/turtlesim/share/turtlesim/msg/Color.msg
[2.101s] -- Up-to-date: /home/skpro/Desktop/Robotics Learning/ros2_ws/install/turtlesim/share/turtlesim/msg/Pose.msg
[2.101s] -- Up-to-date: /home/skpro/Desktop/Robotics Learning/ros2_ws/install/turtlesim/share/turtlesim/srv/Kill.srv
[2.101s] -- Up-to-date: /home/skpro/Desktop/Robotics Learning/ros2_ws/install/turtlesim/share/turtlesim/srv/Kill_Request.msg
[2.101s] -- Up-to-date: /home/skpro/Desktop/Robotics Learning/ros2_ws/install/turtlesim/share/turtlesim/srv/Kill_Response.msg
[2.101s] -- Up-to-date: /home/skpro/Desktop/Robotics Learning/ros2_ws/install/turtlesim/share/turtlesim/srv/SetPen.srv
[2.101s] -- Up-to-date: /home/skpro/Desktop/Robotics Learning/ros2_ws/install/turtlesim/share/turtlesim/srv/SetPen_Request.msg
[2.101s] -- Up-to-date: /home/skpro/Desktop/Robotics Learning/ros2_ws/install/turtlesim/share/turtlesim/srv/SetPen_Response.msg
[2.101s] -- Up-to-date: /home/skpro/Desktop/Robotics Learning/ros2_ws/install/turtlesim/share/turtlesim/srv/Spawn.srv
[2.101s] -- Up-to-date: /home/skpro/Desktop/Robotics Learning/ros2_ws/install/turtlesim/share/turtlesim/srv/Spawn_Request.msg
[2.101s] -- Up-to-date: /home/skpro/Desktop/Robotics Learning/ros2_ws/install/turtlesim/share/turtlesim/srv/Spawn_Response.msg
[2.101s] -- Up-to-date: /home/skpro/Desktop/Robotics Learning/ros2_ws/install/turtlesim/share/turtlesim/srv/TeleportAbsolute.srv
[2.101s] -- Up-to-date: /home/skpro/Desktop/Robotics Learning/ros2_ws/install/turtlesim/share/turtlesim/srv/TeleportAbsolute_Request.msg
[2.102s] -- Up-to-date: /home/skpro/Desktop/Robotics Learning/ros2_ws/install/turtlesim/share/turtlesim/srv/TeleportAbsolute_Response.msg
[2.102s] -- Up-to-date: /home/skpro/Desktop/Robotics Learning/ros2_ws/install/turtlesim/share/turtlesim/srv/TeleportRelative.srv
[2.102s] -- Up-to-date: /home/skpro/Desktop/Robotics Learning/ros2_ws/install/turtlesim/share/turtlesim/srv/TeleportRelative_Request.msg
[2.102s] -- Up-to-date: /home/skpro/Desktop/Robotics Learning/ros2_ws/install/turtlesim/share/turtlesim/srv/TeleportRelative_Response.msg
[2.106s] -- Up-to-date: /home/skpro/Desktop/Robotics Learning/ros2_ws/install/turtlesim/lib/turtlesim/turtlesim_node
[2.108s] -- Up-to-date: /home/skpro/Desktop/Robotics Learning/ros2_ws/install/turtlesim/lib/turtlesim/turtle_teleop_key
[2.112s] -- Up-to-date: /home/skpro/Desktop/Robotics Learning/ros2_ws/install/turtlesim/lib/turtlesim/draw_square
[2.117s] -- Up-to-date: /home/skpro/Desktop/Robotics Learning/ros2_ws/install/turtlesim/lib/turtlesim/mimic
[2.117s] -- Up-to-date: /home/skpro/Desktop/Robotics Learning/ros2_ws/install/turtlesim/share/turtlesim/images
[2.119s] -- Up-to-date: /home/skpro/Desktop/Robotics Learning/ros2_ws/install/turtlesim/share/turtlesim/images/galactic.png
[2.119s] -- Up-to-date: /home/skpro/Desktop/Robotics Learning/ros2_ws/install/turtlesim/share/turtlesim/images/crystal.png
[2.119s] -- Up-to-date: /home/skpro/Desktop/Robotics Learning/ros2_ws/install/turtlesim/share/turtlesim/images/dashing.png
[2.119s] -- Up-to-date: /home/skpro/Desktop/Robotics Learning/ros2_ws/install/turtlesim/share/turtlesim/images/bouncy.png
[2.119s] -- Up-to-date: /home/skpro/Desktop/Robotics Learning/ros2_ws/install/turtlesim/share/turtlesim/images/ardent.png
[2.119s] -- Up-to-date: /home/skpro/Desktop/Robotics Learning/ros2_ws/install/turtlesim/share/turtlesim/images/eloquent.png
[2.119s] -- Up-to-date: /home/skpro/Desktop/Robotics Learning/ros2_ws/install/turtlesim/share/turtlesim/images/foxy.png
[2.119s] -- Up-to-date: /home/skpro/Desktop/Robotics Learning/ros2_ws/install/turtlesim/share/turtlesim/images/rolling.png
[2.119s] -- Up-to-date: /home/skpro/Desktop/Robotics Learning/ros2_ws/install/turtlesim/share/turtlesim/images/humble.png
[2.119s] -- Up-to-date: /home/skpro/Desktop/Robotics Learning/ros2_ws/install/turtlesim/share/turtlesim/launch
[2.120s] -- Up-to-date: /home/skpro/Desktop/Robotics Learning/ros2_ws/install/turtlesim/share/turtlesim/launch/multisim.launch.py
[2.120s] -- Up-to-date: /home/skpro/Desktop/Robotics Learning/ros2_ws/install/turtlesim/share/ament_index/resource_index/package_run_dependencies/turtlesim
[2.120s] -- Up-to-date: /home/skpro/Desktop/Robotics Learning/ros2_ws/install/turtlesim/share/ament_index/resource_index/parent_prefix_path/turtlesim
[2.120s] -- Up-to-date: /home/skpro/Desktop/Robotics Learning/ros2_ws/install/turtlesim/share/turtlesim/environment/ament_prefix_path.sh
[2.120s] -- Up-to-date: /home/skpro/Desktop/Robotics Learning/ros2_ws/install/turtlesim/share/turtlesim/environment/ament_prefix_path.dsv
[2.120s] -- Up-to-date: /home/skpro/Desktop/Robotics Learning/ros2_ws/install/turtlesim/share/turtlesim/environment/path.sh
[2.120s] -- Up-to-date: /home/skpro/Desktop/Robotics Learning/ros2_ws/install/turtlesim/share/turtlesim/environment/path.dsv
[2.120s] -- Up-to-date: /home/skpro/Desktop/Robotics Learning/ros2_ws/install/turtlesim/share/turtlesim/local_setup.bash
[2.120s] -- Up-to-date: /home/skpro/Desktop/Robotics Learning/ros2_ws/install/turtlesim/share/turtlesim/local_setup.sh
[2.120s] -- Up-to-date: /home/skpro/Desktop/Robotics Learning/ros2_ws/install/turtlesim/share/turtlesim/local_setup.zsh
[2.120s] -- Up-to-date: /home/skpro/Desktop/Robotics Learning/ros2_ws/install/turtlesim/share/turtlesim/local_setup.dsv
[2.120s] -- Installing: /home/skpro/Desktop/Robotics Learning/ros2_ws/install/turtlesim/share/turtlesim/package.dsv
[2.120s] -- Up-to-date: /home/skpro/Desktop/Robotics Learning/ros2_ws/install/turtlesim/share/ament_index/resource_index/packages/turtlesim
[2.127s] -- Up-to-date: /home/skpro/Desktop/Robotics Learning/ros2_ws/install/turtlesim/share/turtlesim/cmake/export_turtlesim__rosidl_generator_cExport.cmake
[2.137s] -- Up-to-date: /home/skpro/Desktop/Robotics Learning/ros2_ws/install/turtlesim/share/turtlesim/cmake/export_turtlesim__rosidl_generator_cExport-noconfig.cmake
[2.137s] -- Up-to-date: /home/skpro/Desktop/Robotics Learning/ros2_ws/install/turtlesim/share/turtlesim/cmake/export_turtlesim__rosidl_typesupport_fastrtps_cExport.cmake
[2.137s] -- Up-to-date: /home/skpro/Desktop/Robotics Learning/ros2_ws/install/turtlesim/share/turtlesim/cmake/export_turtlesim__rosidl_typesupport_fastrtps_cExport-noconfig.cmake
[2.138s] -- Up-to-date: /home/skpro/Desktop/Robotics Learning/ros2_ws/install/turtlesim/share/turtlesim/cmake/export_turtlesim__rosidl_generator_cppExport.cmake
[2.140s] -- Up-to-date: /home/skpro/Desktop/Robotics Learning/ros2_ws/install/turtlesim/share/turtlesim/cmake/export_turtlesim__rosidl_typesupport_fastrtps_cppExport.cmake
[2.140s] -- Up-to-date: /home/skpro/Desktop/Robotics Learning/ros2_ws/install/turtlesim/share/turtlesim/cmake/export_turtlesim__rosidl_typesupport_fastrtps_cppExport-noconfig.cmake
[2.143s] -- Up-to-date: /home/skpro/Desktop/Robotics Learning/ros2_ws/install/turtlesim/share/turtlesim/cmake/turtlesim__rosidl_typesupport_introspection_cExport.cmake
[2.143s] -- Up-to-date: /home/skpro/Desktop/Robotics Learning/ros2_ws/install/turtlesim/share/turtlesim/cmake/turtlesim__rosidl_typesupport_introspection_cExport-noconfig.cmake
[2.143s] -- Up-to-date: /home/skpro/Desktop/Robotics Learning/ros2_ws/install/turtlesim/share/turtlesim/cmake/turtlesim__rosidl_typesupport_cExport.cmake
[2.143s] -- Up-to-date: /home/skpro/Desktop/Robotics Learning/ros2_ws/install/turtlesim/share/turtlesim/cmake/turtlesim__rosidl_typesupport_cExport-noconfig.cmake
[2.145s] -- Up-to-date: /home/skpro/Desktop/Robotics Learning/ros2_ws/install/turtlesim/share/turtlesim/cmake/turtlesim__rosidl_typesupport_introspection_cppExport.cmake
[2.145s] -- Up-to-date: /home/skpro/Desktop/Robotics Learning/ros2_ws/install/turtlesim/share/turtlesim/cmake/turtlesim__rosidl_typesupport_introspection_cppExport-noconfig.cmake
[2.150s] -- Up-to-date: /home/skpro/Desktop/Robotics Learning/ros2_ws/install/turtlesim/share/turtlesim/cmake/turtlesim__rosidl_typesupport_cppExport.cmake
[2.151s] -- Up-to-date: /home/skpro/Desktop/Robotics Learning/ros2_ws/install/turtlesim/share/turtlesim/cmake/turtlesim__rosidl_typesupport_cppExport-noconfig.cmake
[2.151s] -- Up-to-date: /home/skpro/Desktop/Robotics Learning/ros2_ws/install/turtlesim/share/turtlesim/cmake/export_turtlesim__rosidl_generator_pyExport.cmake
[2.153s] -- Up-to-date: /home/skpro/Desktop/Robotics Learning/ros2_ws/install/turtlesim/share/turtlesim/cmake/export_turtlesim__rosidl_generator_pyExport-noconfig.cmake
[2.153s] -- Up-to-date: /home/skpro/Desktop/Robotics Learning/ros2_ws/install/turtlesim/share/turtlesim/cmake/rosidl_cmake-extras.cmake
[2.153s] -- Up-to-date: /home/skpro/Desktop/Robotics Learning/ros2_ws/install/turtlesim/share/turtlesim/cmake/ament_cmake_export_dependencies-extras.cmake
[2.153s] -- Up-to-date: /home/skpro/Desktop/Robotics Learning/ros2_ws/install/turtlesim/share/turtlesim/cmake/ament_cmake_export_include_directories-extras.cmake
[2.153s] -- Up-to-date: /home/skpro/Desktop/Robotics Learning/ros2_ws/install/turtlesim/share/turtlesim/cmake/ament_cmake_export_libraries-extras.cmake
[2.153s] -- Up-to-date: /home/skpro/Desktop/Robotics Learning/ros2_ws/install/turtlesim/share/turtlesim/cmake/ament_cmake_export_targets-extras.cmake
[2.153s] -- Up-to-date: /home/skpro/Desktop/Robotics Learning/ros2_ws/install/turtlesim/share/turtlesim/cmake/rosidl_cmake_export_typesupport_targets-extras.cmake
[2.155s] -- Up-to-date: /home/skpro/Desktop/Robotics Learning/ros2_ws/install/turtlesim/share/turtlesim/cmake/rosidl_cmake_export_typesupport_libraries-extras.cmake
[2.156s] -- Up-to-date: /home/skpro/Desktop/Robotics Learning/ros2_ws/install/turtlesim/share/turtlesim/cmake/turtlesimConfig.cmake
[2.156s] -- Up-to-date: /home/skpro/Desktop/Robotics Learning/ros2_ws/install/turtlesim/share/turtlesim/cmake/turtlesimConfig-version.cmake
[2.156s] -- Up-to-date: /home/skpro/Desktop/Robotics Learning/ros2_ws/install/turtlesim/share/turtlesim/package.xml
[2.162s] Invoked command in '/home/skpro/Desktop/Robotics Learning/ros2_ws/build/turtlesim' returned '0': CMAKE_PREFIX_PATH=/opt/ros/humble /usr/bin/cmake --install /home/skpro/Desktop/Robotics Learning/ros2_ws/build/turtlesim
