[0.228s] DEBUG:colcon:Command line arguments: ['/usr/bin/colcon', 'build']
[0.229s] DEBUG:colcon:Parsed command line arguments: Namespace(log_base=None, log_level=None, verb_name='build', build_base='build', install_base='install', merge_install=False, symlink_install=False, test_result_base=None, continue_on_error=False, executor='parallel', parallel_workers=4, event_handlers=None, ignore_user_meta=False, metas=['./colcon.meta'], base_paths=['.'], packages_ignore=None, packages_ignore_regex=None, paths=None, packages_up_to=None, packages_up_to_regex=None, packages_above=None, packages_above_and_dependencies=None, packages_above_depth=None, packages_select_by_dep=None, packages_skip_by_dep=None, packages_skip_up_to=None, packages_select_build_failed=False, packages_skip_build_finished=False, packages_select_test_failures=False, packages_skip_test_passed=False, packages_select=None, packages_skip=None, packages_select_regex=None, packages_skip_regex=None, packages_start=None, packages_end=None, allow_overriding=[], cmake_args=None, cmake_target=None, cmake_target_skip_unavailable=False, cmake_clean_cache=False, cmake_clean_first=False, cmake_force_configure=False, ament_cmake_args=None, catkin_cmake_args=None, catkin_skip_building_tests=False, verb_parser=<colcon_defaults.argument_parser.defaults.DefaultArgumentsDecorator object at 0x758ff529fa60>, verb_extension=<colcon_core.verb.build.BuildVerb object at 0x758ff545c340>, main=<bound method BuildVerb.main of <colcon_core.verb.build.BuildVerb object at 0x758ff545c340>>)
[0.504s] Level 1:colcon.colcon_core.package_discovery:discover_packages(colcon_meta) check parameters
[0.505s] Level 1:colcon.colcon_core.package_discovery:discover_packages(recursive) check parameters
[0.505s] Level 1:colcon.colcon_core.package_discovery:discover_packages(ignore) check parameters
[0.505s] Level 1:colcon.colcon_core.package_discovery:discover_packages(path) check parameters
[0.505s] Level 1:colcon.colcon_core.package_discovery:discover_packages(colcon_meta) discover
[0.505s] Level 1:colcon.colcon_core.package_discovery:discover_packages(recursive) discover
[0.505s] INFO:colcon.colcon_core.package_discovery:Crawling recursively for packages in '/home/skpro/Desktop/Robotics Learning/ros2_project'
[0.505s] Level 1:colcon.colcon_core.package_identification:_identify(.) by extensions ['ignore', 'ignore_ament_install']
[0.505s] Level 1:colcon.colcon_core.package_identification:_identify(.) by extension 'ignore'
[0.505s] Level 1:colcon.colcon_core.package_identification:_identify(.) by extension 'ignore_ament_install'
[0.505s] Level 1:colcon.colcon_core.package_identification:_identify(.) by extensions ['colcon_pkg']
[0.505s] Level 1:colcon.colcon_core.package_identification:_identify(.) by extension 'colcon_pkg'
[0.505s] Level 1:colcon.colcon_core.package_identification:_identify(.) by extensions ['colcon_meta']
[0.505s] Level 1:colcon.colcon_core.package_identification:_identify(.) by extension 'colcon_meta'
[0.505s] Level 1:colcon.colcon_core.package_identification:_identify(.) by extensions ['ros']
[0.505s] Level 1:colcon.colcon_core.package_identification:_identify(.) by extension 'ros'
[0.576s] Level 1:colcon.colcon_core.package_identification:_identify(.) by extensions ['cmake', 'python']
[0.577s] Level 1:colcon.colcon_core.package_identification:_identify(.) by extension 'cmake'
[0.577s] Level 1:colcon.colcon_core.package_identification:_identify(.) by extension 'python'
[0.577s] Level 1:colcon.colcon_core.package_identification:_identify(.) by extensions ['python_setup_py']
[0.577s] Level 1:colcon.colcon_core.package_identification:_identify(.) by extension 'python_setup_py'
[0.577s] Level 1:colcon.colcon_core.package_identification:_identify(build) by extensions ['ignore', 'ignore_ament_install']
[0.578s] Level 1:colcon.colcon_core.package_identification:_identify(build) by extension 'ignore'
[0.578s] Level 1:colcon.colcon_core.package_identification:_identify(build) ignored
[0.578s] Level 1:colcon.colcon_core.package_identification:_identify(install) by extensions ['ignore', 'ignore_ament_install']
[0.579s] Level 1:colcon.colcon_core.package_identification:_identify(install) by extension 'ignore'
[0.579s] Level 1:colcon.colcon_core.package_identification:_identify(install) ignored
[0.579s] Level 1:colcon.colcon_core.package_identification:_identify(log) by extensions ['ignore', 'ignore_ament_install']
[0.579s] Level 1:colcon.colcon_core.package_identification:_identify(log) by extension 'ignore'
[0.579s] Level 1:colcon.colcon_core.package_identification:_identify(log) ignored
[0.579s] Level 1:colcon.colcon_core.package_identification:_identify(src) by extensions ['ignore', 'ignore_ament_install']
[0.579s] Level 1:colcon.colcon_core.package_identification:_identify(src) by extension 'ignore'
[0.579s] Level 1:colcon.colcon_core.package_identification:_identify(src) by extension 'ignore_ament_install'
[0.580s] Level 1:colcon.colcon_core.package_identification:_identify(src) by extensions ['colcon_pkg']
[0.580s] Level 1:colcon.colcon_core.package_identification:_identify(src) by extension 'colcon_pkg'
[0.580s] Level 1:colcon.colcon_core.package_identification:_identify(src) by extensions ['colcon_meta']
[0.580s] Level 1:colcon.colcon_core.package_identification:_identify(src) by extension 'colcon_meta'
[0.580s] Level 1:colcon.colcon_core.package_identification:_identify(src) by extensions ['ros']
[0.580s] Level 1:colcon.colcon_core.package_identification:_identify(src) by extension 'ros'
[0.580s] Level 1:colcon.colcon_core.package_identification:_identify(src) by extensions ['cmake', 'python']
[0.580s] Level 1:colcon.colcon_core.package_identification:_identify(src) by extension 'cmake'
[0.580s] Level 1:colcon.colcon_core.package_identification:_identify(src) by extension 'python'
[0.580s] Level 1:colcon.colcon_core.package_identification:_identify(src) by extensions ['python_setup_py']
[0.580s] Level 1:colcon.colcon_core.package_identification:_identify(src) by extension 'python_setup_py'
[0.580s] Level 1:colcon.colcon_core.package_identification:_identify(src/cpp_pubsub) by extensions ['ignore', 'ignore_ament_install']
[0.580s] Level 1:colcon.colcon_core.package_identification:_identify(src/cpp_pubsub) by extension 'ignore'
[0.580s] Level 1:colcon.colcon_core.package_identification:_identify(src/cpp_pubsub) by extension 'ignore_ament_install'
[0.580s] Level 1:colcon.colcon_core.package_identification:_identify(src/cpp_pubsub) by extensions ['colcon_pkg']
[0.580s] Level 1:colcon.colcon_core.package_identification:_identify(src/cpp_pubsub) by extension 'colcon_pkg'
[0.581s] Level 1:colcon.colcon_core.package_identification:_identify(src/cpp_pubsub) by extensions ['colcon_meta']
[0.581s] Level 1:colcon.colcon_core.package_identification:_identify(src/cpp_pubsub) by extension 'colcon_meta'
[0.581s] Level 1:colcon.colcon_core.package_identification:_identify(src/cpp_pubsub) by extensions ['ros']
[0.581s] Level 1:colcon.colcon_core.package_identification:_identify(src/cpp_pubsub) by extension 'ros'
[0.587s] DEBUG:colcon.colcon_core.package_identification:Package 'src/cpp_pubsub' with type 'ros.ament_cmake' and name 'cpp_pubsub'
[0.588s] Level 1:colcon.colcon_core.package_identification:_identify(src/my_package) by extensions ['ignore', 'ignore_ament_install']
[0.588s] Level 1:colcon.colcon_core.package_identification:_identify(src/my_package) by extension 'ignore'
[0.588s] Level 1:colcon.colcon_core.package_identification:_identify(src/my_package) by extension 'ignore_ament_install'
[0.589s] Level 1:colcon.colcon_core.package_identification:_identify(src/my_package) by extensions ['colcon_pkg']
[0.589s] Level 1:colcon.colcon_core.package_identification:_identify(src/my_package) by extension 'colcon_pkg'
[0.589s] Level 1:colcon.colcon_core.package_identification:_identify(src/my_package) by extensions ['colcon_meta']
[0.589s] Level 1:colcon.colcon_core.package_identification:_identify(src/my_package) by extension 'colcon_meta'
[0.589s] Level 1:colcon.colcon_core.package_identification:_identify(src/my_package) by extensions ['ros']
[0.589s] Level 1:colcon.colcon_core.package_identification:_identify(src/my_package) by extension 'ros'
[0.590s] DEBUG:colcon.colcon_core.package_identification:Package 'src/my_package' with type 'ros.ament_cmake' and name 'my_package'
[0.590s] Level 1:colcon.colcon_core.package_discovery:discover_packages(recursive) using defaults
[0.591s] Level 1:colcon.colcon_core.package_discovery:discover_packages(ignore) discover
[0.591s] Level 1:colcon.colcon_core.package_discovery:discover_packages(ignore) using defaults
[0.591s] Level 1:colcon.colcon_core.package_discovery:discover_packages(path) discover
[0.591s] Level 1:colcon.colcon_core.package_discovery:discover_packages(path) using defaults
[0.695s] Level 1:colcon.colcon_core.package_discovery:discover_packages(prefix_path) check parameters
[0.696s] Level 1:colcon.colcon_core.package_discovery:discover_packages(prefix_path) discover
[0.703s] DEBUG:colcon.colcon_installed_package_information.package_discovery:Found 2 installed packages in /home/skpro/Desktop/Robotics Learning/ros2_project/install
[0.705s] DEBUG:colcon.colcon_installed_package_information.package_discovery:Found 295 installed packages in /opt/ros/humble
[0.732s] Level 1:colcon.colcon_core.package_discovery:discover_packages(prefix_path) using defaults
[0.785s] Level 5:colcon.colcon_core.verb:set package 'cpp_pubsub' build argument 'cmake_args' from command line to 'None'
[0.785s] Level 5:colcon.colcon_core.verb:set package 'cpp_pubsub' build argument 'cmake_target' from command line to 'None'
[0.785s] Level 5:colcon.colcon_core.verb:set package 'cpp_pubsub' build argument 'cmake_target_skip_unavailable' from command line to 'False'
[0.785s] Level 5:colcon.colcon_core.verb:set package 'cpp_pubsub' build argument 'cmake_clean_cache' from command line to 'False'
[0.785s] Level 5:colcon.colcon_core.verb:set package 'cpp_pubsub' build argument 'cmake_clean_first' from command line to 'False'
[0.785s] Level 5:colcon.colcon_core.verb:set package 'cpp_pubsub' build argument 'cmake_force_configure' from command line to 'False'
[0.785s] Level 5:colcon.colcon_core.verb:set package 'cpp_pubsub' build argument 'ament_cmake_args' from command line to 'None'
[0.785s] Level 5:colcon.colcon_core.verb:set package 'cpp_pubsub' build argument 'catkin_cmake_args' from command line to 'None'
[0.785s] Level 5:colcon.colcon_core.verb:set package 'cpp_pubsub' build argument 'catkin_skip_building_tests' from command line to 'False'
[0.785s] DEBUG:colcon.colcon_core.verb:Building package 'cpp_pubsub' with the following arguments: {'ament_cmake_args': None, 'build_base': '/home/skpro/Desktop/Robotics Learning/ros2_project/build/cpp_pubsub', 'catkin_cmake_args': None, 'catkin_skip_building_tests': False, 'cmake_args': None, 'cmake_clean_cache': False, 'cmake_clean_first': False, 'cmake_force_configure': False, 'cmake_target': None, 'cmake_target_skip_unavailable': False, 'install_base': '/home/skpro/Desktop/Robotics Learning/ros2_project/install/cpp_pubsub', 'merge_install': False, 'path': '/home/skpro/Desktop/Robotics Learning/ros2_project/src/cpp_pubsub', 'symlink_install': False, 'test_result_base': None}
[0.786s] Level 5:colcon.colcon_core.verb:set package 'my_package' build argument 'cmake_args' from command line to 'None'
[0.786s] Level 5:colcon.colcon_core.verb:set package 'my_package' build argument 'cmake_target' from command line to 'None'
[0.786s] Level 5:colcon.colcon_core.verb:set package 'my_package' build argument 'cmake_target_skip_unavailable' from command line to 'False'
[0.786s] Level 5:colcon.colcon_core.verb:set package 'my_package' build argument 'cmake_clean_cache' from command line to 'False'
[0.786s] Level 5:colcon.colcon_core.verb:set package 'my_package' build argument 'cmake_clean_first' from command line to 'False'
[0.786s] Level 5:colcon.colcon_core.verb:set package 'my_package' build argument 'cmake_force_configure' from command line to 'False'
[0.786s] Level 5:colcon.colcon_core.verb:set package 'my_package' build argument 'ament_cmake_args' from command line to 'None'
[0.786s] Level 5:colcon.colcon_core.verb:set package 'my_package' build argument 'catkin_cmake_args' from command line to 'None'
[0.786s] Level 5:colcon.colcon_core.verb:set package 'my_package' build argument 'catkin_skip_building_tests' from command line to 'False'
[0.786s] DEBUG:colcon.colcon_core.verb:Building package 'my_package' with the following arguments: {'ament_cmake_args': None, 'build_base': '/home/skpro/Desktop/Robotics Learning/ros2_project/build/my_package', 'catkin_cmake_args': None, 'catkin_skip_building_tests': False, 'cmake_args': None, 'cmake_clean_cache': False, 'cmake_clean_first': False, 'cmake_force_configure': False, 'cmake_target': None, 'cmake_target_skip_unavailable': False, 'install_base': '/home/skpro/Desktop/Robotics Learning/ros2_project/install/my_package', 'merge_install': False, 'path': '/home/skpro/Desktop/Robotics Learning/ros2_project/src/my_package', 'symlink_install': False, 'test_result_base': None}
[0.786s] INFO:colcon.colcon_core.executor:Executing jobs using 'parallel' executor
[0.788s] DEBUG:colcon.colcon_parallel_executor.executor.parallel:run_until_complete
[0.788s] INFO:colcon.colcon_ros.task.ament_cmake.build:Building ROS package in '/home/skpro/Desktop/Robotics Learning/ros2_project/src/cpp_pubsub' with build type 'ament_cmake'
[0.788s] INFO:colcon.colcon_cmake.task.cmake.build:Building CMake package in '/home/skpro/Desktop/Robotics Learning/ros2_project/src/cpp_pubsub'
[0.796s] INFO:colcon.colcon_core.plugin_system:Skipping extension 'colcon_core.shell.bat': Not used on non-Windows systems
[0.796s] INFO:colcon.colcon_core.shell:Skip shell extension 'powershell' for command environment: Not usable outside of PowerShell
[0.796s] DEBUG:colcon.colcon_core.shell:Skip shell extension 'dsv' for command environment
[0.801s] INFO:colcon.colcon_ros.task.ament_cmake.build:Building ROS package in '/home/skpro/Desktop/Robotics Learning/ros2_project/src/my_package' with build type 'ament_cmake'
[0.801s] INFO:colcon.colcon_cmake.task.cmake.build:Building CMake package in '/home/skpro/Desktop/Robotics Learning/ros2_project/src/my_package'
[0.801s] INFO:colcon.colcon_core.shell:Skip shell extension 'powershell' for command environment: Not usable outside of PowerShell
[0.801s] DEBUG:colcon.colcon_core.shell:Skip shell extension 'dsv' for command environment
[0.820s] DEBUG:colcon.colcon_core.event_handler.log_command:Invoking command in '/home/skpro/Desktop/Robotics Learning/ros2_project/build/cpp_pubsub': CMAKE_PREFIX_PATH=${CMAKE_PREFIX_PATH}:/opt/ros/humble /usr/bin/cmake --build /home/skpro/Desktop/Robotics Learning/ros2_project/build/cpp_pubsub -- -j4 -l4
[0.835s] DEBUG:colcon.colcon_core.event_handler.log_command:Invoking command in '/home/skpro/Desktop/Robotics Learning/ros2_project/build/my_package': CMAKE_PREFIX_PATH=${CMAKE_PREFIX_PATH}:/opt/ros/humble /usr/bin/cmake --build /home/skpro/Desktop/Robotics Learning/ros2_project/build/my_package -- -j4 -l4
[0.979s] DEBUG:colcon.colcon_core.event_handler.log_command:Invoked command in '/home/skpro/Desktop/Robotics Learning/ros2_project/build/cpp_pubsub' returned '0': CMAKE_PREFIX_PATH=${CMAKE_PREFIX_PATH}:/opt/ros/humble /usr/bin/cmake --build /home/skpro/Desktop/Robotics Learning/ros2_project/build/cpp_pubsub -- -j4 -l4
[1.017s] DEBUG:colcon.colcon_core.event_handler.log_command:Invoking command in '/home/skpro/Desktop/Robotics Learning/ros2_project/build/cpp_pubsub': CMAKE_PREFIX_PATH=${CMAKE_PREFIX_PATH}:/opt/ros/humble /usr/bin/cmake --install /home/skpro/Desktop/Robotics Learning/ros2_project/build/cpp_pubsub
[1.033s] Level 1:colcon.colcon_core.environment:create_environment_scripts_only(cpp_pubsub)
[1.034s] DEBUG:colcon.colcon_core.event_handler.log_command:Invoked command in '/home/skpro/Desktop/Robotics Learning/ros2_project/build/cpp_pubsub' returned '0': CMAKE_PREFIX_PATH=${CMAKE_PREFIX_PATH}:/opt/ros/humble /usr/bin/cmake --install /home/skpro/Desktop/Robotics Learning/ros2_project/build/cpp_pubsub
[1.036s] Level 1:colcon.colcon_core.environment:checking '/home/skpro/Desktop/Robotics Learning/ros2_project/install/cpp_pubsub' for CMake module files
[1.038s] Level 1:colcon.colcon_core.environment:checking '/home/skpro/Desktop/Robotics Learning/ros2_project/install/cpp_pubsub' for CMake config files
[1.038s] Level 1:colcon.colcon_core.shell:create_environment_hook('cpp_pubsub', 'cmake_prefix_path')
[1.038s] INFO:colcon.colcon_core.shell:Creating environment hook '/home/skpro/Desktop/Robotics Learning/ros2_project/install/cpp_pubsub/share/cpp_pubsub/hook/cmake_prefix_path.ps1'
[1.039s] INFO:colcon.colcon_core.shell:Creating environment descriptor '/home/skpro/Desktop/Robotics Learning/ros2_project/install/cpp_pubsub/share/cpp_pubsub/hook/cmake_prefix_path.dsv'
[1.040s] INFO:colcon.colcon_core.shell:Creating environment hook '/home/skpro/Desktop/Robotics Learning/ros2_project/install/cpp_pubsub/share/cpp_pubsub/hook/cmake_prefix_path.sh'
[1.043s] Level 1:colcon.colcon_core.environment:checking '/home/skpro/Desktop/Robotics Learning/ros2_project/install/cpp_pubsub/bin'
[1.043s] Level 1:colcon.colcon_core.environment:checking '/home/skpro/Desktop/Robotics Learning/ros2_project/install/cpp_pubsub/lib/pkgconfig/cpp_pubsub.pc'
[1.046s] Level 1:colcon.colcon_core.environment:checking '/home/skpro/Desktop/Robotics Learning/ros2_project/install/cpp_pubsub/lib/python3.10/site-packages'
[1.047s] Level 1:colcon.colcon_core.environment:checking '/home/skpro/Desktop/Robotics Learning/ros2_project/install/cpp_pubsub/bin'
[1.048s] INFO:colcon.colcon_core.shell:Creating package script '/home/skpro/Desktop/Robotics Learning/ros2_project/install/cpp_pubsub/share/cpp_pubsub/package.ps1'
[1.050s] INFO:colcon.colcon_core.shell:Creating package descriptor '/home/skpro/Desktop/Robotics Learning/ros2_project/install/cpp_pubsub/share/cpp_pubsub/package.dsv'
[1.053s] INFO:colcon.colcon_core.shell:Creating package script '/home/skpro/Desktop/Robotics Learning/ros2_project/install/cpp_pubsub/share/cpp_pubsub/package.sh'
[1.055s] INFO:colcon.colcon_core.shell:Creating package script '/home/skpro/Desktop/Robotics Learning/ros2_project/install/cpp_pubsub/share/cpp_pubsub/package.bash'
[1.056s] INFO:colcon.colcon_core.shell:Creating package script '/home/skpro/Desktop/Robotics Learning/ros2_project/install/cpp_pubsub/share/cpp_pubsub/package.zsh'
[1.057s] Level 1:colcon.colcon_core.environment:create_file_with_runtime_dependencies(/home/skpro/Desktop/Robotics Learning/ros2_project/install/cpp_pubsub/share/colcon-core/packages/cpp_pubsub)
[1.060s] Level 1:colcon.colcon_core.environment:create_environment_scripts_only(cpp_pubsub)
[1.061s] Level 1:colcon.colcon_core.environment:checking '/home/skpro/Desktop/Robotics Learning/ros2_project/install/cpp_pubsub' for CMake module files
[1.061s] Level 1:colcon.colcon_core.environment:checking '/home/skpro/Desktop/Robotics Learning/ros2_project/install/cpp_pubsub' for CMake config files
[1.062s] Level 1:colcon.colcon_core.shell:create_environment_hook('cpp_pubsub', 'cmake_prefix_path')
[1.062s] INFO:colcon.colcon_core.shell:Creating environment hook '/home/skpro/Desktop/Robotics Learning/ros2_project/install/cpp_pubsub/share/cpp_pubsub/hook/cmake_prefix_path.ps1'
[1.063s] INFO:colcon.colcon_core.shell:Creating environment descriptor '/home/skpro/Desktop/Robotics Learning/ros2_project/install/cpp_pubsub/share/cpp_pubsub/hook/cmake_prefix_path.dsv'
[1.065s] INFO:colcon.colcon_core.shell:Creating environment hook '/home/skpro/Desktop/Robotics Learning/ros2_project/install/cpp_pubsub/share/cpp_pubsub/hook/cmake_prefix_path.sh'
[1.068s] Level 1:colcon.colcon_core.environment:checking '/home/skpro/Desktop/Robotics Learning/ros2_project/install/cpp_pubsub/bin'
[1.068s] Level 1:colcon.colcon_core.environment:checking '/home/skpro/Desktop/Robotics Learning/ros2_project/install/cpp_pubsub/lib/pkgconfig/cpp_pubsub.pc'
[1.068s] Level 1:colcon.colcon_core.environment:checking '/home/skpro/Desktop/Robotics Learning/ros2_project/install/cpp_pubsub/lib/python3.10/site-packages'
[1.069s] Level 1:colcon.colcon_core.environment:checking '/home/skpro/Desktop/Robotics Learning/ros2_project/install/cpp_pubsub/bin'
[1.069s] INFO:colcon.colcon_core.shell:Creating package script '/home/skpro/Desktop/Robotics Learning/ros2_project/install/cpp_pubsub/share/cpp_pubsub/package.ps1'
[1.070s] INFO:colcon.colcon_core.shell:Creating package descriptor '/home/skpro/Desktop/Robotics Learning/ros2_project/install/cpp_pubsub/share/cpp_pubsub/package.dsv'
[1.071s] INFO:colcon.colcon_core.shell:Creating package script '/home/skpro/Desktop/Robotics Learning/ros2_project/install/cpp_pubsub/share/cpp_pubsub/package.sh'
[1.072s] INFO:colcon.colcon_core.shell:Creating package script '/home/skpro/Desktop/Robotics Learning/ros2_project/install/cpp_pubsub/share/cpp_pubsub/package.bash'
[1.073s] INFO:colcon.colcon_core.shell:Creating package script '/home/skpro/Desktop/Robotics Learning/ros2_project/install/cpp_pubsub/share/cpp_pubsub/package.zsh'
[1.074s] Level 1:colcon.colcon_core.environment:create_file_with_runtime_dependencies(/home/skpro/Desktop/Robotics Learning/ros2_project/install/cpp_pubsub/share/colcon-core/packages/cpp_pubsub)
[1.165s] DEBUG:colcon.colcon_core.event_handler.log_command:Invoked command in '/home/skpro/Desktop/Robotics Learning/ros2_project/build/my_package' returned '0': CMAKE_PREFIX_PATH=${CMAKE_PREFIX_PATH}:/opt/ros/humble /usr/bin/cmake --build /home/skpro/Desktop/Robotics Learning/ros2_project/build/my_package -- -j4 -l4
[1.165s] DEBUG:colcon.colcon_core.event_handler.log_command:Invoking command in '/home/skpro/Desktop/Robotics Learning/ros2_project/build/my_package': CMAKE_PREFIX_PATH=${CMAKE_PREFIX_PATH}:/opt/ros/humble /usr/bin/cmake --install /home/skpro/Desktop/Robotics Learning/ros2_project/build/my_package
[1.175s] Level 1:colcon.colcon_core.environment:create_environment_scripts_only(my_package)
[1.175s] Level 1:colcon.colcon_core.environment:checking '/home/skpro/Desktop/Robotics Learning/ros2_project/install/my_package' for CMake module files
[1.176s] Level 1:colcon.colcon_core.environment:checking '/home/skpro/Desktop/Robotics Learning/ros2_project/install/my_package' for CMake config files
[1.178s] DEBUG:colcon.colcon_core.event_handler.log_command:Invoked command in '/home/skpro/Desktop/Robotics Learning/ros2_project/build/my_package' returned '0': CMAKE_PREFIX_PATH=${CMAKE_PREFIX_PATH}:/opt/ros/humble /usr/bin/cmake --install /home/skpro/Desktop/Robotics Learning/ros2_project/build/my_package
[1.178s] Level 1:colcon.colcon_core.shell:create_environment_hook('my_package', 'cmake_prefix_path')
[1.178s] INFO:colcon.colcon_core.shell:Creating environment hook '/home/skpro/Desktop/Robotics Learning/ros2_project/install/my_package/share/my_package/hook/cmake_prefix_path.ps1'
[1.180s] INFO:colcon.colcon_core.shell:Creating environment descriptor '/home/skpro/Desktop/Robotics Learning/ros2_project/install/my_package/share/my_package/hook/cmake_prefix_path.dsv'
[1.180s] INFO:colcon.colcon_core.shell:Creating environment hook '/home/skpro/Desktop/Robotics Learning/ros2_project/install/my_package/share/my_package/hook/cmake_prefix_path.sh'
[1.181s] Level 1:colcon.colcon_core.environment:checking '/home/skpro/Desktop/Robotics Learning/ros2_project/install/my_package/lib'
[1.182s] Level 1:colcon.colcon_core.environment:checking '/home/skpro/Desktop/Robotics Learning/ros2_project/install/my_package/bin'
[1.182s] Level 1:colcon.colcon_core.environment:checking '/home/skpro/Desktop/Robotics Learning/ros2_project/install/my_package/lib/pkgconfig/my_package.pc'
[1.182s] Level 1:colcon.colcon_core.environment:checking '/home/skpro/Desktop/Robotics Learning/ros2_project/install/my_package/lib/python3.10/site-packages'
[1.184s] Level 1:colcon.colcon_core.environment:checking '/home/skpro/Desktop/Robotics Learning/ros2_project/install/my_package/bin'
[1.185s] INFO:colcon.colcon_core.shell:Creating package script '/home/skpro/Desktop/Robotics Learning/ros2_project/install/my_package/share/my_package/package.ps1'
[1.186s] INFO:colcon.colcon_core.shell:Creating package descriptor '/home/skpro/Desktop/Robotics Learning/ros2_project/install/my_package/share/my_package/package.dsv'
[1.188s] INFO:colcon.colcon_core.shell:Creating package script '/home/skpro/Desktop/Robotics Learning/ros2_project/install/my_package/share/my_package/package.sh'
[1.189s] INFO:colcon.colcon_core.shell:Creating package script '/home/skpro/Desktop/Robotics Learning/ros2_project/install/my_package/share/my_package/package.bash'
[1.193s] INFO:colcon.colcon_core.shell:Creating package script '/home/skpro/Desktop/Robotics Learning/ros2_project/install/my_package/share/my_package/package.zsh'
[1.194s] Level 1:colcon.colcon_core.environment:create_file_with_runtime_dependencies(/home/skpro/Desktop/Robotics Learning/ros2_project/install/my_package/share/colcon-core/packages/my_package)
[1.195s] Level 1:colcon.colcon_core.environment:create_environment_scripts_only(my_package)
[1.195s] Level 1:colcon.colcon_core.environment:checking '/home/skpro/Desktop/Robotics Learning/ros2_project/install/my_package' for CMake module files
[1.195s] Level 1:colcon.colcon_core.environment:checking '/home/skpro/Desktop/Robotics Learning/ros2_project/install/my_package' for CMake config files
[1.196s] Level 1:colcon.colcon_core.shell:create_environment_hook('my_package', 'cmake_prefix_path')
[1.196s] INFO:colcon.colcon_core.shell:Creating environment hook '/home/skpro/Desktop/Robotics Learning/ros2_project/install/my_package/share/my_package/hook/cmake_prefix_path.ps1'
[1.197s] INFO:colcon.colcon_core.shell:Creating environment descriptor '/home/skpro/Desktop/Robotics Learning/ros2_project/install/my_package/share/my_package/hook/cmake_prefix_path.dsv'
[1.197s] INFO:colcon.colcon_core.shell:Creating environment hook '/home/skpro/Desktop/Robotics Learning/ros2_project/install/my_package/share/my_package/hook/cmake_prefix_path.sh'
[1.198s] Level 1:colcon.colcon_core.environment:checking '/home/skpro/Desktop/Robotics Learning/ros2_project/install/my_package/lib'
[1.199s] Level 1:colcon.colcon_core.environment:checking '/home/skpro/Desktop/Robotics Learning/ros2_project/install/my_package/bin'
[1.199s] Level 1:colcon.colcon_core.environment:checking '/home/skpro/Desktop/Robotics Learning/ros2_project/install/my_package/lib/pkgconfig/my_package.pc'
[1.199s] Level 1:colcon.colcon_core.environment:checking '/home/skpro/Desktop/Robotics Learning/ros2_project/install/my_package/lib/python3.10/site-packages'
[1.199s] Level 1:colcon.colcon_core.environment:checking '/home/skpro/Desktop/Robotics Learning/ros2_project/install/my_package/bin'
[1.200s] INFO:colcon.colcon_core.shell:Creating package script '/home/skpro/Desktop/Robotics Learning/ros2_project/install/my_package/share/my_package/package.ps1'
[1.201s] INFO:colcon.colcon_core.shell:Creating package descriptor '/home/skpro/Desktop/Robotics Learning/ros2_project/install/my_package/share/my_package/package.dsv'
[1.204s] INFO:colcon.colcon_core.shell:Creating package script '/home/skpro/Desktop/Robotics Learning/ros2_project/install/my_package/share/my_package/package.sh'
[1.205s] INFO:colcon.colcon_core.shell:Creating package script '/home/skpro/Desktop/Robotics Learning/ros2_project/install/my_package/share/my_package/package.bash'
[1.206s] INFO:colcon.colcon_core.shell:Creating package script '/home/skpro/Desktop/Robotics Learning/ros2_project/install/my_package/share/my_package/package.zsh'
[1.206s] Level 1:colcon.colcon_core.environment:create_file_with_runtime_dependencies(/home/skpro/Desktop/Robotics Learning/ros2_project/install/my_package/share/colcon-core/packages/my_package)
[1.208s] DEBUG:colcon.colcon_parallel_executor.executor.parallel:closing loop
[1.208s] DEBUG:colcon.colcon_parallel_executor.executor.parallel:loop closed
[1.208s] DEBUG:colcon.colcon_parallel_executor.executor.parallel:run_until_complete finished with '0'
[1.208s] DEBUG:colcon.colcon_core.event_reactor:joining thread
[1.219s] INFO:colcon.colcon_core.plugin_system:Skipping extension 'colcon_notification.desktop_notification.terminal_notifier': Not used on non-Darwin systems
[1.220s] INFO:colcon.colcon_core.plugin_system:Skipping extension 'colcon_notification.desktop_notification.win32': Not used on non-Windows systems
[1.220s] INFO:colcon.colcon_notification.desktop_notification:Sending desktop notification using 'notify2'
[1.289s] DEBUG:colcon.colcon_core.event_reactor:joined thread
[1.290s] INFO:colcon.colcon_core.shell:Creating prefix script '/home/skpro/Desktop/Robotics Learning/ros2_project/install/local_setup.ps1'
[1.296s] INFO:colcon.colcon_core.shell:Creating prefix util module '/home/skpro/Desktop/Robotics Learning/ros2_project/install/_local_setup_util_ps1.py'
[1.298s] INFO:colcon.colcon_core.shell:Creating prefix chain script '/home/skpro/Desktop/Robotics Learning/ros2_project/install/setup.ps1'
[1.300s] INFO:colcon.colcon_core.shell:Creating prefix script '/home/skpro/Desktop/Robotics Learning/ros2_project/install/local_setup.sh'
[1.300s] INFO:colcon.colcon_core.shell:Creating prefix util module '/home/skpro/Desktop/Robotics Learning/ros2_project/install/_local_setup_util_sh.py'
[1.301s] INFO:colcon.colcon_core.shell:Creating prefix chain script '/home/skpro/Desktop/Robotics Learning/ros2_project/install/setup.sh'
[1.302s] INFO:colcon.colcon_core.shell:Creating prefix script '/home/skpro/Desktop/Robotics Learning/ros2_project/install/local_setup.bash'
[1.304s] INFO:colcon.colcon_core.shell:Creating prefix chain script '/home/skpro/Desktop/Robotics Learning/ros2_project/install/setup.bash'
[1.308s] INFO:colcon.colcon_core.shell:Creating prefix script '/home/skpro/Desktop/Robotics Learning/ros2_project/install/local_setup.zsh'
[1.309s] INFO:colcon.colcon_core.shell:Creating prefix chain script '/home/skpro/Desktop/Robotics Learning/ros2_project/install/setup.zsh'
