[0.033s] Invoking command in '/home/skpro/Desktop/Robotics Learning/ros2_project/build/my_package': CMAKE_PREFIX_PATH=${CMAKE_PREFIX_PATH}:/opt/ros/humble /usr/bin/cmake --build /home/skpro/Desktop/Robotics Learning/ros2_project/build/my_package -- -j4 -l4
[0.301s] [100%] Built target my_node
[0.363s] Invoked command in '/home/skpro/Desktop/Robotics Learning/ros2_project/build/my_package' returned '0': CMAKE_PREFIX_PATH=${CMAKE_PREFIX_PATH}:/opt/ros/humble /usr/bin/cmake --build /home/skpro/Desktop/Robotics Learning/ros2_project/build/my_package -- -j4 -l4
[0.363s] Invoking command in '/home/skpro/Desktop/Robotics Learning/ros2_project/build/my_package': CMAKE_PREFIX_PATH=${CMAKE_PREFIX_PATH}:/opt/ros/humble /usr/bin/cmake --install /home/skpro/Desktop/Robotics Learning/ros2_project/build/my_package
[0.366s] -- Install configuration: ""
[0.366s] -- Up-to-date: /home/skpro/Desktop/Robotics Learning/ros2_project/install/my_package/lib/my_package/my_node
[0.366s] -- Up-to-date: /home/skpro/Desktop/Robotics Learning/ros2_project/install/my_package/share/ament_index/resource_index/package_run_dependencies/my_package
[0.367s] -- Up-to-date: /home/skpro/Desktop/Robotics Learning/ros2_project/install/my_package/share/ament_index/resource_index/parent_prefix_path/my_package
[0.367s] -- Up-to-date: /home/skpro/Desktop/Robotics Learning/ros2_project/install/my_package/share/my_package/environment/ament_prefix_path.sh
[0.368s] -- Up-to-date: /home/skpro/Desktop/Robotics Learning/ros2_project/install/my_package/share/my_package/environment/ament_prefix_path.dsv
[0.368s] -- Up-to-date: /home/skpro/Desktop/Robotics Learning/ros2_project/install/my_package/share/my_package/environment/path.sh
[0.368s] -- Up-to-date: /home/skpro/Desktop/Robotics Learning/ros2_project/install/my_package/share/my_package/environment/path.dsv
[0.368s] -- Up-to-date: /home/skpro/Desktop/Robotics Learning/ros2_project/install/my_package/share/my_package/local_setup.bash
[0.368s] -- Up-to-date: /home/skpro/Desktop/Robotics Learning/ros2_project/install/my_package/share/my_package/local_setup.sh
[0.368s] -- Up-to-date: /home/skpro/Desktop/Robotics Learning/ros2_project/install/my_package/share/my_package/local_setup.zsh
[0.368s] -- Up-to-date: /home/skpro/Desktop/Robotics Learning/ros2_project/install/my_package/share/my_package/local_setup.dsv
[0.368s] -- Installing: /home/skpro/Desktop/Robotics Learning/ros2_project/install/my_package/share/my_package/package.dsv
[0.369s] -- Up-to-date: /home/skpro/Desktop/Robotics Learning/ros2_project/install/my_package/share/ament_index/resource_index/packages/my_package
[0.369s] -- Up-to-date: /home/skpro/Desktop/Robotics Learning/ros2_project/install/my_package/share/my_package/cmake/my_packageConfig.cmake
[0.369s] -- Up-to-date: /home/skpro/Desktop/Robotics Learning/ros2_project/install/my_package/share/my_package/cmake/my_packageConfig-version.cmake
[0.369s] -- Up-to-date: /home/skpro/Desktop/Robotics Learning/ros2_project/install/my_package/share/my_package/package.xml
[0.376s] Invoked command in '/home/skpro/Desktop/Robotics Learning/ros2_project/build/my_package' returned '0': CMAKE_PREFIX_PATH=${CMAKE_PREFIX_PATH}:/opt/ros/humble /usr/bin/cmake --install /home/skpro/Desktop/Robotics Learning/ros2_project/build/my_package
