[0.037s] Invoking command in '/home/skpro/Desktop/Robotics Learning/ros2_ws/build/turtlesim': CMAKE_PREFIX_PATH=/opt/ros/humble /usr/bin/cmake /home/skpro/Desktop/Robotics Learning/ros2_ws/src/ros_tutorials/turtlesim -DCMAKE_INSTALL_PREFIX=/home/skpro/Desktop/Robotics Learning/ros2_ws/install/turtlesim
[0.603s] -- The C compiler identification is GNU 11.4.0
[0.913s] -- The CXX compiler identification is GNU 11.4.0
[0.943s] -- Detecting C compiler ABI info
[1.106s] -- Detecting C compiler ABI info - done
[1.115s] -- Check for working C compiler: /usr/bin/cc - skipped
[1.115s] -- Detecting C compile features
[1.118s] -- Detecting C compile features - done
[1.124s] -- Detecting CXX compiler ABI info
[1.310s] -- Detecting CXX compiler ABI info - done
[1.326s] -- Check for working CXX compiler: /usr/bin/c++ - skipped
[1.326s] -- Detecting CXX compile features
[1.326s] -- Detecting CXX compile features - done
[1.342s] -- Found ament_cmake: 1.3.12 (/opt/ros/humble/share/ament_cmake/cmake)
[1.555s] -- Found Python3: /usr/bin/python3 (found version "3.10.12") found components: Interpreter 
[1.739s] -- Found ament_index_cpp: 1.4.0 (/opt/ros/humble/share/ament_index_cpp/cmake)
[1.744s] -- Found geometry_msgs: 4.9.0 (/opt/ros/humble/share/geometry_msgs/cmake)
[1.846s] -- Found rosidl_generator_c: 3.1.7 (/opt/ros/humble/share/rosidl_generator_c/cmake)
[1.859s] -- Found rosidl_adapter: 3.1.7 (/opt/ros/humble/share/rosidl_adapter/cmake)
[1.879s] -- Found rosidl_generator_cpp: 3.1.7 (/opt/ros/humble/share/rosidl_generator_cpp/cmake)
[1.913s] -- Using all available rosidl_typesupport_c: rosidl_typesupport_fastrtps_c;rosidl_typesupport_introspection_c
[1.951s] -- Using all available rosidl_typesupport_cpp: rosidl_typesupport_fastrtps_cpp;rosidl_typesupport_introspection_cpp
[2.112s] -- Found rclcpp: 16.0.14 (/opt/ros/humble/share/rclcpp/cmake)
[2.184s] -- Found rmw_implementation_cmake: 6.1.2 (/opt/ros/humble/share/rmw_implementation_cmake/cmake)
[2.196s] -- Found rmw_fastrtps_cpp: 6.2.8 (/opt/ros/humble/share/rmw_fastrtps_cpp/cmake)
[2.384s] -- Found OpenSSL: /usr/lib/x86_64-linux-gnu/libcrypto.so (found version "3.0.2")  
[2.422s] -- Found FastRTPS: /opt/ros/humble/include  
[2.466s] -- Using RMW implementation 'rmw_fastrtps_cpp' as default
[2.487s] -- Looking for pthread.h
[2.644s] -- Looking for pthread.h - found
[2.644s] -- Performing Test CMAKE_HAVE_LIBC_PTHREAD
[2.788s] -- Performing Test CMAKE_HAVE_LIBC_PTHREAD - Success
[2.788s] -- Found Threads: TRUE  
[2.913s] -- Found rclcpp_action: 16.0.14 (/opt/ros/humble/share/rclcpp_action/cmake)
[2.990s] -- Found rosidl_default_generators: 1.2.0 (/opt/ros/humble/share/rosidl_default_generators/cmake)
[3.016s] -- Found std_srvs: 4.9.0 (/opt/ros/humble/share/std_srvs/cmake)
[3.441s] -- Found ament_cmake_ros: 0.10.0 (/opt/ros/humble/share/ament_cmake_ros/cmake)
[3.897s] -- Using all available rosidl_typesupport_c: rosidl_typesupport_fastrtps_c;rosidl_typesupport_introspection_c
[4.060s] -- Using all available rosidl_typesupport_cpp: rosidl_typesupport_fastrtps_cpp;rosidl_typesupport_introspection_cpp
[4.087s] -- Found PythonInterp: /usr/bin/python3 (found suitable version "3.10.12", minimum required is "3.6") 
[4.090s] -- Found python_cmake_module: 0.10.0 (/opt/ros/humble/share/python_cmake_module/cmake)
[4.132s] -- Found PythonLibs: /usr/lib/x86_64-linux-gnu/libpython3.10.so (found suitable version "3.10.12", minimum required is "3.5") 
[4.133s] -- Using PYTHON_EXECUTABLE: /usr/bin/python3
[4.133s] -- Using PYTHON_INCLUDE_DIRS: /usr/include/python3.10
[4.133s] -- Using PYTHON_LIBRARIES: /usr/lib/x86_64-linux-gnu/libpython3.10.so
[4.157s] -- Found PythonExtra: .so  
[4.249s] -- Configuring done
[4.361s] -- Generating done
[4.389s] -- Build files have been written to: /home/skpro/Desktop/Robotics Learning/ros2_ws/build/turtlesim
[4.430s] Invoked command in '/home/skpro/Desktop/Robotics Learning/ros2_ws/build/turtlesim' returned '0': CMAKE_PREFIX_PATH=/opt/ros/humble /usr/bin/cmake /home/skpro/Desktop/Robotics Learning/ros2_ws/src/ros_tutorials/turtlesim -DCMAKE_INSTALL_PREFIX=/home/skpro/Desktop/Robotics Learning/ros2_ws/install/turtlesim
[4.431s] Invoking command in '/home/skpro/Desktop/Robotics Learning/ros2_ws/build/turtlesim': CMAKE_PREFIX_PATH=/opt/ros/humble /usr/bin/cmake --build /home/skpro/Desktop/Robotics Learning/ros2_ws/build/turtlesim -- -j4 -l4
[4.546s] [  1%] [34m[1mGenerating C code for ROS interfaces[0m
[4.561s] [  2%] [34m[1mGenerating C++ code for ROS interfaces[0m
[4.597s] [  2%] Built target ament_cmake_python_copy_turtlesim
[5.007s] running egg_info
[5.007s] creating turtlesim.egg-info
[5.007s] writing turtlesim.egg-info/PKG-INFO
[5.007s] writing dependency_links to turtlesim.egg-info/dependency_links.txt
[5.007s] writing top-level names to turtlesim.egg-info/top_level.txt
[5.007s] writing manifest file 'turtlesim.egg-info/SOURCES.txt'
[5.007s] reading manifest file 'turtlesim.egg-info/SOURCES.txt'
[5.018s] writing manifest file 'turtlesim.egg-info/SOURCES.txt'
[5.147s] [  2%] Built target ament_cmake_python_build_turtlesim_egg
[6.157s] [  3%] [32mBuilding C object CMakeFiles/turtlesim__rosidl_generator_c.dir/rosidl_generator_c/turtlesim/action/detail/rotate_absolute__functions.c.o[0m
[6.170s] [  4%] [32mBuilding C object CMakeFiles/turtlesim__rosidl_generator_c.dir/rosidl_generator_c/turtlesim/msg/detail/color__functions.c.o[0m
[6.252s] [  5%] [32mBuilding C object CMakeFiles/turtlesim__rosidl_generator_c.dir/rosidl_generator_c/turtlesim/msg/detail/pose__functions.c.o[0m
[6.370s] [  6%] [32mBuilding C object CMakeFiles/turtlesim__rosidl_generator_c.dir/rosidl_generator_c/turtlesim/srv/detail/kill__functions.c.o[0m
[6.394s] [  7%] [32mBuilding C object CMakeFiles/turtlesim__rosidl_generator_c.dir/rosidl_generator_c/turtlesim/srv/detail/set_pen__functions.c.o[0m
[6.479s] [  8%] [32mBuilding C object CMakeFiles/turtlesim__rosidl_generator_c.dir/rosidl_generator_c/turtlesim/srv/detail/spawn__functions.c.o[0m
[6.510s] [  9%] [32mBuilding C object CMakeFiles/turtlesim__rosidl_generator_c.dir/rosidl_generator_c/turtlesim/srv/detail/teleport_absolute__functions.c.o[0m
[6.542s] [ 10%] [32mBuilding C object CMakeFiles/turtlesim__rosidl_generator_c.dir/rosidl_generator_c/turtlesim/srv/detail/teleport_relative__functions.c.o[0m
[6.646s] [ 11%] [32m[1mLinking C shared library libturtlesim__rosidl_generator_c.so[0m
[6.702s] [ 11%] Built target turtlesim__cpp
[6.736s] [ 12%] [34m[1mGenerating C++ type support dispatch for ROS interfaces[0m
[6.751s] [ 13%] [34m[1mGenerating C++ type support for eProsima Fast-RTPS[0m
[6.751s] [ 14%] [34m[1mGenerating C++ introspection for ROS interfaces[0m
[6.754s] [ 14%] Built target turtlesim__rosidl_generator_c
[6.835s] [ 15%] [34m[1mGenerating C type support for eProsima Fast-RTPS[0m
[7.852s] [ 16%] [32mBuilding CXX object CMakeFiles/turtlesim__rosidl_typesupport_cpp.dir/rosidl_typesupport_cpp/turtlesim/action/rotate_absolute__type_support.cpp.o[0m
[8.156s] [ 17%] [32mBuilding CXX object CMakeFiles/turtlesim__rosidl_typesupport_fastrtps_c.dir/rosidl_typesupport_fastrtps_c/turtlesim/action/detail/rotate_absolute__type_support_c.cpp.o[0m
[8.509s] [ 18%] [32mBuilding CXX object CMakeFiles/turtlesim__rosidl_typesupport_introspection_cpp.dir/rosidl_typesupport_introspection_cpp/turtlesim/action/detail/rotate_absolute__type_support.cpp.o[0m
[8.928s] [ 19%] [32mBuilding CXX object CMakeFiles/turtlesim__rosidl_typesupport_fastrtps_cpp.dir/rosidl_typesupport_fastrtps_cpp/turtlesim/action/detail/dds_fastrtps/rotate_absolute__type_support.cpp.o[0m
[8.973s] [ 20%] [32mBuilding CXX object CMakeFiles/turtlesim__rosidl_typesupport_cpp.dir/rosidl_typesupport_cpp/turtlesim/msg/color__type_support.cpp.o[0m
[8.983s] [ 21%] [32mBuilding CXX object CMakeFiles/turtlesim__rosidl_typesupport_fastrtps_c.dir/rosidl_typesupport_fastrtps_c/turtlesim/msg/detail/color__type_support_c.cpp.o[0m
[9.496s] [ 22%] [32mBuilding CXX object CMakeFiles/turtlesim__rosidl_typesupport_cpp.dir/rosidl_typesupport_cpp/turtlesim/msg/pose__type_support.cpp.o[0m
[9.964s] [ 23%] [32mBuilding CXX object CMakeFiles/turtlesim__rosidl_typesupport_fastrtps_c.dir/rosidl_typesupport_fastrtps_c/turtlesim/msg/detail/pose__type_support_c.cpp.o[0m
[10.165s] [ 24%] [32mBuilding CXX object CMakeFiles/turtlesim__rosidl_typesupport_introspection_cpp.dir/rosidl_typesupport_introspection_cpp/turtlesim/msg/detail/color__type_support.cpp.o[0m
[10.206s] [ 25%] [32mBuilding CXX object CMakeFiles/turtlesim__rosidl_typesupport_fastrtps_cpp.dir/rosidl_typesupport_fastrtps_cpp/turtlesim/msg/detail/dds_fastrtps/color__type_support.cpp.o[0m
[10.351s] [ 26%] [32mBuilding CXX object CMakeFiles/turtlesim__rosidl_typesupport_cpp.dir/rosidl_typesupport_cpp/turtlesim/srv/kill__type_support.cpp.o[0m
[10.557s] [ 27%] [32mBuilding CXX object CMakeFiles/turtlesim__rosidl_typesupport_fastrtps_c.dir/rosidl_typesupport_fastrtps_c/turtlesim/srv/detail/kill__type_support_c.cpp.o[0m
[10.658s] [ 28%] [32mBuilding CXX object CMakeFiles/turtlesim__rosidl_typesupport_introspection_cpp.dir/rosidl_typesupport_introspection_cpp/turtlesim/msg/detail/pose__type_support.cpp.o[0m
[10.778s] [ 29%] [32mBuilding CXX object CMakeFiles/turtlesim__rosidl_typesupport_fastrtps_cpp.dir/rosidl_typesupport_fastrtps_cpp/turtlesim/msg/detail/dds_fastrtps/pose__type_support.cpp.o[0m
[11.027s] [ 30%] [32mBuilding CXX object CMakeFiles/turtlesim__rosidl_typesupport_cpp.dir/rosidl_typesupport_cpp/turtlesim/srv/set_pen__type_support.cpp.o[0m
[11.049s] [ 31%] [32mBuilding CXX object CMakeFiles/turtlesim__rosidl_typesupport_introspection_cpp.dir/rosidl_typesupport_introspection_cpp/turtlesim/srv/detail/kill__type_support.cpp.o[0m
[11.274s] [ 32%] [32mBuilding CXX object CMakeFiles/turtlesim__rosidl_typesupport_fastrtps_c.dir/rosidl_typesupport_fastrtps_c/turtlesim/srv/detail/set_pen__type_support_c.cpp.o[0m
[11.343s] [ 33%] [32mBuilding CXX object CMakeFiles/turtlesim__rosidl_typesupport_fastrtps_cpp.dir/rosidl_typesupport_fastrtps_cpp/turtlesim/srv/detail/dds_fastrtps/kill__type_support.cpp.o[0m
[11.402s] [ 34%] [32mBuilding CXX object CMakeFiles/turtlesim__rosidl_typesupport_cpp.dir/rosidl_typesupport_cpp/turtlesim/srv/spawn__type_support.cpp.o[0m
[11.729s] [ 35%] [32mBuilding CXX object CMakeFiles/turtlesim__rosidl_typesupport_introspection_cpp.dir/rosidl_typesupport_introspection_cpp/turtlesim/srv/detail/set_pen__type_support.cpp.o[0m
[11.731s] [ 36%] [32mBuilding CXX object CMakeFiles/turtlesim__rosidl_typesupport_fastrtps_c.dir/rosidl_typesupport_fastrtps_c/turtlesim/srv/detail/spawn__type_support_c.cpp.o[0m
[11.764s] [ 37%] [32mBuilding CXX object CMakeFiles/turtlesim__rosidl_typesupport_cpp.dir/rosidl_typesupport_cpp/turtlesim/srv/teleport_absolute__type_support.cpp.o[0m
[11.962s] [ 38%] [32mBuilding CXX object CMakeFiles/turtlesim__rosidl_typesupport_fastrtps_cpp.dir/rosidl_typesupport_fastrtps_cpp/turtlesim/srv/detail/dds_fastrtps/set_pen__type_support.cpp.o[0m
[12.136s] [ 39%] [32mBuilding CXX object CMakeFiles/turtlesim__rosidl_typesupport_cpp.dir/rosidl_typesupport_cpp/turtlesim/srv/teleport_relative__type_support.cpp.o[0m
[12.152s] [ 40%] [32mBuilding CXX object CMakeFiles/turtlesim__rosidl_typesupport_fastrtps_c.dir/rosidl_typesupport_fastrtps_c/turtlesim/srv/detail/teleport_absolute__type_support_c.cpp.o[0m
[12.310s] [ 41%] [32mBuilding CXX object CMakeFiles/turtlesim__rosidl_typesupport_introspection_cpp.dir/rosidl_typesupport_introspection_cpp/turtlesim/srv/detail/spawn__type_support.cpp.o[0m
[12.529s] [ 42%] [32mBuilding CXX object CMakeFiles/turtlesim__rosidl_typesupport_fastrtps_cpp.dir/rosidl_typesupport_fastrtps_cpp/turtlesim/srv/detail/dds_fastrtps/spawn__type_support.cpp.o[0m
[12.562s] [ 43%] [32m[1mLinking CXX shared library libturtlesim__rosidl_typesupport_cpp.so[0m
[12.621s] [ 44%] [32mBuilding CXX object CMakeFiles/turtlesim__rosidl_typesupport_fastrtps_c.dir/rosidl_typesupport_fastrtps_c/turtlesim/srv/detail/teleport_relative__type_support_c.cpp.o[0m
[12.707s] [ 44%] Built target turtlesim__rosidl_typesupport_cpp
[12.731s] [ 45%] [34m[1mGenerating C introspection for ROS interfaces[0m
[13.039s] [ 46%] [32mBuilding CXX object CMakeFiles/turtlesim__rosidl_typesupport_fastrtps_cpp.dir/rosidl_typesupport_fastrtps_cpp/turtlesim/srv/detail/dds_fastrtps/teleport_absolute__type_support.cpp.o[0m
[13.110s] [ 47%] [32m[1mLinking CXX shared library libturtlesim__rosidl_typesupport_fastrtps_c.so[0m
[13.375s] [ 48%] [32mBuilding CXX object CMakeFiles/turtlesim__rosidl_typesupport_introspection_cpp.dir/rosidl_typesupport_introspection_cpp/turtlesim/srv/detail/teleport_absolute__type_support.cpp.o[0m
[13.457s] [ 48%] Built target turtlesim__rosidl_typesupport_fastrtps_c
[13.479s] [ 49%] [32mBuilding CXX object CMakeFiles/turtlesim__rosidl_typesupport_fastrtps_cpp.dir/rosidl_typesupport_fastrtps_cpp/turtlesim/srv/detail/dds_fastrtps/teleport_relative__type_support.cpp.o[0m
[13.480s] [ 50%] [32mBuilding CXX object CMakeFiles/turtlesim__rosidl_typesupport_introspection_cpp.dir/rosidl_typesupport_introspection_cpp/turtlesim/srv/detail/teleport_relative__type_support.cpp.o[0m
[13.876s] [ 51%] [32m[1mLinking CXX shared library libturtlesim__rosidl_typesupport_fastrtps_cpp.so[0m
[14.035s] [ 52%] [34m[1mGenerating C type support dispatch for ROS interfaces[0m
[14.048s] [ 52%] Built target turtlesim__rosidl_typesupport_fastrtps_cpp
[14.095s] [ 53%] [34m[1mGenerating include/turtlesim/moc_turtle_frame.cpp[0m
[14.229s] [ 54%] [32mBuilding C object CMakeFiles/turtlesim__rosidl_typesupport_introspection_c.dir/rosidl_typesupport_introspection_c/turtlesim/action/detail/rotate_absolute__type_support.c.o[0m
[14.353s] [ 55%] [32m[1mLinking CXX shared library libturtlesim__rosidl_typesupport_introspection_cpp.so[0m
[14.355s] [ 56%] [32mBuilding C object CMakeFiles/turtlesim__rosidl_typesupport_introspection_c.dir/rosidl_typesupport_introspection_c/turtlesim/msg/detail/color__type_support.c.o[0m
[14.411s] [ 57%] [32mBuilding CXX object CMakeFiles/turtlesim_node.dir/src/turtlesim.cpp.o[0m
[14.452s] [ 58%] [32mBuilding C object CMakeFiles/turtlesim__rosidl_typesupport_introspection_c.dir/rosidl_typesupport_introspection_c/turtlesim/msg/detail/pose__type_support.c.o[0m
[14.580s] [ 59%] [32mBuilding C object CMakeFiles/turtlesim__rosidl_typesupport_introspection_c.dir/rosidl_typesupport_introspection_c/turtlesim/srv/detail/kill__type_support.c.o[0m
[14.591s] [ 59%] Built target turtlesim__rosidl_typesupport_introspection_cpp
[14.672s] [ 60%] [32mBuilding CXX object CMakeFiles/turtle_teleop_key.dir/tutorials/teleop_turtle_key.cpp.o[0m
[14.722s] [ 61%] [32mBuilding C object CMakeFiles/turtlesim__rosidl_typesupport_introspection_c.dir/rosidl_typesupport_introspection_c/turtlesim/srv/detail/set_pen__type_support.c.o[0m
[14.963s] [ 62%] [32mBuilding C object CMakeFiles/turtlesim__rosidl_typesupport_introspection_c.dir/rosidl_typesupport_introspection_c/turtlesim/srv/detail/spawn__type_support.c.o[0m
[15.106s] [ 63%] [32mBuilding C object CMakeFiles/turtlesim__rosidl_typesupport_introspection_c.dir/rosidl_typesupport_introspection_c/turtlesim/srv/detail/teleport_absolute__type_support.c.o[0m
[15.249s] [ 64%] [32mBuilding C object CMakeFiles/turtlesim__rosidl_typesupport_introspection_c.dir/rosidl_typesupport_introspection_c/turtlesim/srv/detail/teleport_relative__type_support.c.o[0m
[15.378s] [ 65%] [32m[1mLinking C shared library libturtlesim__rosidl_typesupport_introspection_c.so[0m
[15.488s] [ 66%] [32mBuilding CXX object CMakeFiles/turtlesim__rosidl_typesupport_c.dir/rosidl_typesupport_c/turtlesim/action/rotate_absolute__type_support.cpp.o[0m
[15.580s] [ 66%] Built target turtlesim__rosidl_typesupport_introspection_c
[15.670s] [ 67%] [32mBuilding CXX object CMakeFiles/turtlesim__rosidl_typesupport_c.dir/rosidl_typesupport_c/turtlesim/msg/color__type_support.cpp.o[0m
[15.758s] [ 68%] [32mBuilding CXX object CMakeFiles/turtlesim__rosidl_typesupport_c.dir/rosidl_typesupport_c/turtlesim/msg/pose__type_support.cpp.o[0m
[15.852s] [ 69%] [32mBuilding CXX object CMakeFiles/turtlesim__rosidl_typesupport_c.dir/rosidl_typesupport_c/turtlesim/srv/kill__type_support.cpp.o[0m
[15.977s] [ 70%] [32mBuilding CXX object CMakeFiles/turtlesim_node.dir/src/turtle.cpp.o[0m
[16.005s] [ 71%] [32mBuilding CXX object CMakeFiles/turtlesim__rosidl_typesupport_c.dir/rosidl_typesupport_c/turtlesim/srv/set_pen__type_support.cpp.o[0m
[16.089s] [ 72%] [32mBuilding CXX object CMakeFiles/turtlesim__rosidl_typesupport_c.dir/rosidl_typesupport_c/turtlesim/srv/spawn__type_support.cpp.o[0m
[16.665s] [ 73%] [32mBuilding CXX object CMakeFiles/turtlesim__rosidl_typesupport_c.dir/rosidl_typesupport_c/turtlesim/srv/teleport_absolute__type_support.cpp.o[0m
[19.028s] [ 74%] [32mBuilding CXX object CMakeFiles/turtlesim__rosidl_typesupport_c.dir/rosidl_typesupport_c/turtlesim/srv/teleport_relative__type_support.cpp.o[0m
[20.018s] [ 75%] [32m[1mLinking CXX shared library libturtlesim__rosidl_typesupport_c.so[0m
[21.712s] [ 75%] Built target turtlesim__rosidl_typesupport_c
[22.762s] [ 76%] [32mBuilding CXX object CMakeFiles/draw_square.dir/tutorials/draw_square.cpp.o[0m
[30.159s] [ 77%] [32m[1mLinking CXX executable turtle_teleop_key[0m
[31.041s] [ 77%] Built target turtle_teleop_key
[39.294s] [ 78%] [32m[1mLinking CXX executable draw_square[0m
[40.603s] [ 78%] Built target draw_square
[42.359s] [ 79%] [32mBuilding CXX object CMakeFiles/turtlesim_node.dir/include/turtlesim/moc_turtle_frame.cpp.o[0m
[47.077s] [ 80%] [32mBuilding CXX object CMakeFiles/turtlesim_node.dir/src/turtle_frame.cpp.o[0m
[59.030s] [ 81%] [32m[1mLinking CXX executable turtlesim_node[0m
[64.235s] [ 81%] Built target turtlesim_node
[64.325s] [ 81%] Built target turtlesim
[64.388s] [ 82%] [32mBuilding CXX object CMakeFiles/mimic.dir/tutorials/mimic.cpp.o[0m
[77.086s] [ 83%] [32m[1mLinking CXX executable mimic[0m
[77.676s] [ 83%] Built target mimic
[77.754s] [ 84%] [34m[1mGenerating Python code for ROS interfaces[0m
[80.512s] [ 84%] Built target turtlesim__py
[80.590s] [ 85%] [32mBuilding C object CMakeFiles/turtlesim__rosidl_generator_py.dir/rosidl_generator_py/turtlesim/action/_rotate_absolute_s.c.o[0m
[81.153s] [ 86%] [32mBuilding C object CMakeFiles/turtlesim__rosidl_generator_py.dir/rosidl_generator_py/turtlesim/srv/_kill_s.c.o[0m
[81.361s] [ 87%] [32mBuilding C object CMakeFiles/turtlesim__rosidl_generator_py.dir/rosidl_generator_py/turtlesim/srv/_set_pen_s.c.o[0m
[81.534s] [ 88%] [32mBuilding C object CMakeFiles/turtlesim__rosidl_generator_py.dir/rosidl_generator_py/turtlesim/srv/_spawn_s.c.o[0m
[81.744s] [ 89%] [32mBuilding C object CMakeFiles/turtlesim__rosidl_generator_py.dir/rosidl_generator_py/turtlesim/srv/_teleport_absolute_s.c.o[0m
[81.951s] [ 90%] [32mBuilding C object CMakeFiles/turtlesim__rosidl_generator_py.dir/rosidl_generator_py/turtlesim/srv/_teleport_relative_s.c.o[0m
[82.163s] [ 91%] [32mBuilding C object CMakeFiles/turtlesim__rosidl_generator_py.dir/rosidl_generator_py/turtlesim/msg/_pose_s.c.o[0m
[82.412s] [ 92%] [32mBuilding C object CMakeFiles/turtlesim__rosidl_generator_py.dir/rosidl_generator_py/turtlesim/msg/_color_s.c.o[0m
[82.591s] [ 93%] [32m[1mLinking C shared library rosidl_generator_py/turtlesim/libturtlesim__rosidl_generator_py.so[0m
[82.701s] [ 93%] Built target turtlesim__rosidl_generator_py
[82.779s] [ 94%] [32mBuilding C object CMakeFiles/turtlesim__rosidl_typesupport_fastrtps_c__pyext.dir/rosidl_generator_py/turtlesim/_turtlesim_s.ep.rosidl_typesupport_fastrtps_c.c.o[0m
[83.038s] [ 95%] [32m[1mLinking C shared library rosidl_generator_py/turtlesim/turtlesim_s__rosidl_typesupport_fastrtps_c.cpython-310-x86_64-linux-gnu.so[0m
[83.144s] [ 95%] Built target turtlesim__rosidl_typesupport_fastrtps_c__pyext
[83.242s] [ 96%] [32mBuilding C object CMakeFiles/turtlesim__rosidl_typesupport_c__pyext.dir/rosidl_generator_py/turtlesim/_turtlesim_s.ep.rosidl_typesupport_c.c.o[0m
[83.536s] [ 97%] [32m[1mLinking C shared library rosidl_generator_py/turtlesim/turtlesim_s__rosidl_typesupport_c.cpython-310-x86_64-linux-gnu.so[0m
[83.672s] [ 97%] Built target turtlesim__rosidl_typesupport_c__pyext
[83.732s] [ 98%] [32mBuilding C object CMakeFiles/turtlesim__rosidl_typesupport_introspection_c__pyext.dir/rosidl_generator_py/turtlesim/_turtlesim_s.ep.rosidl_typesupport_introspection_c.c.o[0m
[83.988s] [100%] [32m[1mLinking C shared library rosidl_generator_py/turtlesim/turtlesim_s__rosidl_typesupport_introspection_c.cpython-310-x86_64-linux-gnu.so[0m
[84.098s] [100%] Built target turtlesim__rosidl_typesupport_introspection_c__pyext
[84.269s] Invoked command in '/home/skpro/Desktop/Robotics Learning/ros2_ws/build/turtlesim' returned '0': CMAKE_PREFIX_PATH=/opt/ros/humble /usr/bin/cmake --build /home/skpro/Desktop/Robotics Learning/ros2_ws/build/turtlesim -- -j4 -l4
[84.375s] Invoking command in '/home/skpro/Desktop/Robotics Learning/ros2_ws/build/turtlesim': CMAKE_PREFIX_PATH=/opt/ros/humble /usr/bin/cmake --install /home/skpro/Desktop/Robotics Learning/ros2_ws/build/turtlesim
[84.399s] -- Install configuration: ""
[84.400s] -- Installing: /home/skpro/Desktop/Robotics Learning/ros2_ws/install/turtlesim/share/ament_index/resource_index/rosidl_interfaces/turtlesim
[84.401s] -- Installing: /home/skpro/Desktop/Robotics Learning/ros2_ws/install/turtlesim/include/turtlesim/turtlesim
[84.403s] -- Installing: /home/skpro/Desktop/Robotics Learning/ros2_ws/install/turtlesim/include/turtlesim/turtlesim/msg
[84.403s] -- Installing: /home/skpro/Desktop/Robotics Learning/ros2_ws/install/turtlesim/include/turtlesim/turtlesim/msg/rosidl_generator_c__visibility_control.h
[84.403s] -- Installing: /home/skpro/Desktop/Robotics Learning/ros2_ws/install/turtlesim/include/turtlesim/turtlesim/msg/pose.h
[84.403s] -- Installing: /home/skpro/Desktop/Robotics Learning/ros2_ws/install/turtlesim/include/turtlesim/turtlesim/msg/detail
[84.403s] -- Installing: /home/skpro/Desktop/Robotics Learning/ros2_ws/install/turtlesim/include/turtlesim/turtlesim/msg/detail/color__functions.c
[84.404s] -- Installing: /home/skpro/Desktop/Robotics Learning/ros2_ws/install/turtlesim/include/turtlesim/turtlesim/msg/detail/pose__functions.c
[84.404s] -- Installing: /home/skpro/Desktop/Robotics Learning/ros2_ws/install/turtlesim/include/turtlesim/turtlesim/msg/detail/color__functions.h
[84.404s] -- Installing: /home/skpro/Desktop/Robotics Learning/ros2_ws/install/turtlesim/include/turtlesim/turtlesim/msg/detail/pose__type_support.h
[84.404s] -- Installing: /home/skpro/Desktop/Robotics Learning/ros2_ws/install/turtlesim/include/turtlesim/turtlesim/msg/detail/pose__struct.h
[84.404s] -- Installing: /home/skpro/Desktop/Robotics Learning/ros2_ws/install/turtlesim/include/turtlesim/turtlesim/msg/detail/color__struct.h
[84.404s] -- Installing: /home/skpro/Desktop/Robotics Learning/ros2_ws/install/turtlesim/include/turtlesim/turtlesim/msg/detail/color__type_support.h
[84.405s] -- Installing: /home/skpro/Desktop/Robotics Learning/ros2_ws/install/turtlesim/include/turtlesim/turtlesim/msg/detail/pose__functions.h
[84.405s] -- Installing: /home/skpro/Desktop/Robotics Learning/ros2_ws/install/turtlesim/include/turtlesim/turtlesim/msg/color.h
[84.405s] -- Installing: /home/skpro/Desktop/Robotics Learning/ros2_ws/install/turtlesim/include/turtlesim/turtlesim/srv
[84.405s] -- Installing: /home/skpro/Desktop/Robotics Learning/ros2_ws/install/turtlesim/include/turtlesim/turtlesim/srv/kill.h
[84.405s] -- Installing: /home/skpro/Desktop/Robotics Learning/ros2_ws/install/turtlesim/include/turtlesim/turtlesim/srv/teleport_relative.h
[84.405s] -- Installing: /home/skpro/Desktop/Robotics Learning/ros2_ws/install/turtlesim/include/turtlesim/turtlesim/srv/spawn.h
[84.405s] -- Installing: /home/skpro/Desktop/Robotics Learning/ros2_ws/install/turtlesim/include/turtlesim/turtlesim/srv/teleport_absolute.h
[84.413s] -- Installing: /home/skpro/Desktop/Robotics Learning/ros2_ws/install/turtlesim/include/turtlesim/turtlesim/srv/detail
[84.413s] -- Installing: /home/skpro/Desktop/Robotics Learning/ros2_ws/install/turtlesim/include/turtlesim/turtlesim/srv/detail/teleport_absolute__type_support.h
[84.414s] -- Installing: /home/skpro/Desktop/Robotics Learning/ros2_ws/install/turtlesim/include/turtlesim/turtlesim/srv/detail/kill__functions.c
[84.414s] -- Installing: /home/skpro/Desktop/Robotics Learning/ros2_ws/install/turtlesim/include/turtlesim/turtlesim/srv/detail/kill__struct.h
[84.414s] -- Installing: /home/skpro/Desktop/Robotics Learning/ros2_ws/install/turtlesim/include/turtlesim/turtlesim/srv/detail/teleport_absolute__functions.c
[84.414s] -- Installing: /home/skpro/Desktop/Robotics Learning/ros2_ws/install/turtlesim/include/turtlesim/turtlesim/srv/detail/teleport_absolute__struct.h
[84.414s] -- Installing: /home/skpro/Desktop/Robotics Learning/ros2_ws/install/turtlesim/include/turtlesim/turtlesim/srv/detail/set_pen__struct.h
[84.414s] -- Installing: /home/skpro/Desktop/Robotics Learning/ros2_ws/install/turtlesim/include/turtlesim/turtlesim/srv/detail/spawn__struct.h
[84.414s] -- Installing: /home/skpro/Desktop/Robotics Learning/ros2_ws/install/turtlesim/include/turtlesim/turtlesim/srv/detail/teleport_relative__type_support.h
[84.414s] -- Installing: /home/skpro/Desktop/Robotics Learning/ros2_ws/install/turtlesim/include/turtlesim/turtlesim/srv/detail/teleport_relative__functions.c
[84.414s] -- Installing: /home/skpro/Desktop/Robotics Learning/ros2_ws/install/turtlesim/include/turtlesim/turtlesim/srv/detail/teleport_relative__struct.h
[84.414s] -- Installing: /home/skpro/Desktop/Robotics Learning/ros2_ws/install/turtlesim/include/turtlesim/turtlesim/srv/detail/set_pen__functions.c
[84.414s] -- Installing: /home/skpro/Desktop/Robotics Learning/ros2_ws/install/turtlesim/include/turtlesim/turtlesim/srv/detail/spawn__functions.h
[84.414s] -- Installing: /home/skpro/Desktop/Robotics Learning/ros2_ws/install/turtlesim/include/turtlesim/turtlesim/srv/detail/spawn__type_support.h
[84.432s] -- Installing: /home/skpro/Desktop/Robotics Learning/ros2_ws/install/turtlesim/include/turtlesim/turtlesim/srv/detail/set_pen__type_support.h
[84.433s] -- Installing: /home/skpro/Desktop/Robotics Learning/ros2_ws/install/turtlesim/include/turtlesim/turtlesim/srv/detail/teleport_absolute__functions.h
[84.433s] -- Installing: /home/skpro/Desktop/Robotics Learning/ros2_ws/install/turtlesim/include/turtlesim/turtlesim/srv/detail/spawn__functions.c
[84.433s] -- Installing: /home/skpro/Desktop/Robotics Learning/ros2_ws/install/turtlesim/include/turtlesim/turtlesim/srv/detail/teleport_relative__functions.h
[84.433s] -- Installing: /home/skpro/Desktop/Robotics Learning/ros2_ws/install/turtlesim/include/turtlesim/turtlesim/srv/detail/kill__functions.h
[84.433s] -- Installing: /home/skpro/Desktop/Robotics Learning/ros2_ws/install/turtlesim/include/turtlesim/turtlesim/srv/detail/kill__type_support.h
[84.433s] -- Installing: /home/skpro/Desktop/Robotics Learning/ros2_ws/install/turtlesim/include/turtlesim/turtlesim/srv/detail/set_pen__functions.h
[84.434s] -- Installing: /home/skpro/Desktop/Robotics Learning/ros2_ws/install/turtlesim/include/turtlesim/turtlesim/srv/set_pen.h
[84.434s] -- Installing: /home/skpro/Desktop/Robotics Learning/ros2_ws/install/turtlesim/include/turtlesim/turtlesim/action
[84.434s] -- Installing: /home/skpro/Desktop/Robotics Learning/ros2_ws/install/turtlesim/include/turtlesim/turtlesim/action/rotate_absolute.h
[84.434s] -- Installing: /home/skpro/Desktop/Robotics Learning/ros2_ws/install/turtlesim/include/turtlesim/turtlesim/action/detail
[84.434s] -- Installing: /home/skpro/Desktop/Robotics Learning/ros2_ws/install/turtlesim/include/turtlesim/turtlesim/action/detail/rotate_absolute__struct.h
[84.434s] -- Installing: /home/skpro/Desktop/Robotics Learning/ros2_ws/install/turtlesim/include/turtlesim/turtlesim/action/detail/rotate_absolute__functions.c
[84.434s] -- Installing: /home/skpro/Desktop/Robotics Learning/ros2_ws/install/turtlesim/include/turtlesim/turtlesim/action/detail/rotate_absolute__functions.h
[84.434s] -- Installing: /home/skpro/Desktop/Robotics Learning/ros2_ws/install/turtlesim/include/turtlesim/turtlesim/action/detail/rotate_absolute__type_support.h
[84.434s] -- Installing: /home/skpro/Desktop/Robotics Learning/ros2_ws/install/turtlesim/share/turtlesim/environment/library_path.sh
[84.434s] -- Installing: /home/skpro/Desktop/Robotics Learning/ros2_ws/install/turtlesim/share/turtlesim/environment/library_path.dsv
[84.434s] -- Installing: /home/skpro/Desktop/Robotics Learning/ros2_ws/install/turtlesim/lib/libturtlesim__rosidl_generator_c.so
[84.434s] -- Set runtime path of "/home/skpro/Desktop/Robotics Learning/ros2_ws/install/turtlesim/lib/libturtlesim__rosidl_generator_c.so" to ""
[84.434s] -- Up-to-date: /home/skpro/Desktop/Robotics Learning/ros2_ws/install/turtlesim/include/turtlesim/turtlesim
[84.435s] -- Up-to-date: /home/skpro/Desktop/Robotics Learning/ros2_ws/install/turtlesim/include/turtlesim/turtlesim/msg
[84.435s] -- Installing: /home/skpro/Desktop/Robotics Learning/ros2_ws/install/turtlesim/include/turtlesim/turtlesim/msg/rosidl_typesupport_fastrtps_c__visibility_control.h
[84.435s] -- Up-to-date: /home/skpro/Desktop/Robotics Learning/ros2_ws/install/turtlesim/include/turtlesim/turtlesim/msg/detail
[84.435s] -- Installing: /home/skpro/Desktop/Robotics Learning/ros2_ws/install/turtlesim/include/turtlesim/turtlesim/msg/detail/pose__rosidl_typesupport_fastrtps_c.h
[84.435s] -- Installing: /home/skpro/Desktop/Robotics Learning/ros2_ws/install/turtlesim/include/turtlesim/turtlesim/msg/detail/color__rosidl_typesupport_fastrtps_c.h
[84.435s] -- Up-to-date: /home/skpro/Desktop/Robotics Learning/ros2_ws/install/turtlesim/include/turtlesim/turtlesim/srv
[84.435s] -- Up-to-date: /home/skpro/Desktop/Robotics Learning/ros2_ws/install/turtlesim/include/turtlesim/turtlesim/srv/detail
[84.435s] -- Installing: /home/skpro/Desktop/Robotics Learning/ros2_ws/install/turtlesim/include/turtlesim/turtlesim/srv/detail/set_pen__rosidl_typesupport_fastrtps_c.h
[84.435s] -- Installing: /home/skpro/Desktop/Robotics Learning/ros2_ws/install/turtlesim/include/turtlesim/turtlesim/srv/detail/teleport_relative__rosidl_typesupport_fastrtps_c.h
[84.443s] -- Installing: /home/skpro/Desktop/Robotics Learning/ros2_ws/install/turtlesim/include/turtlesim/turtlesim/srv/detail/spawn__rosidl_typesupport_fastrtps_c.h
[84.443s] -- Installing: /home/skpro/Desktop/Robotics Learning/ros2_ws/install/turtlesim/include/turtlesim/turtlesim/srv/detail/kill__rosidl_typesupport_fastrtps_c.h
[84.443s] -- Installing: /home/skpro/Desktop/Robotics Learning/ros2_ws/install/turtlesim/include/turtlesim/turtlesim/srv/detail/teleport_absolute__rosidl_typesupport_fastrtps_c.h
[84.443s] -- Up-to-date: /home/skpro/Desktop/Robotics Learning/ros2_ws/install/turtlesim/include/turtlesim/turtlesim/action
[84.443s] -- Up-to-date: /home/skpro/Desktop/Robotics Learning/ros2_ws/install/turtlesim/include/turtlesim/turtlesim/action/detail
[84.444s] -- Installing: /home/skpro/Desktop/Robotics Learning/ros2_ws/install/turtlesim/include/turtlesim/turtlesim/action/detail/rotate_absolute__rosidl_typesupport_fastrtps_c.h
[84.444s] -- Installing: /home/skpro/Desktop/Robotics Learning/ros2_ws/install/turtlesim/lib/libturtlesim__rosidl_typesupport_fastrtps_c.so
[84.444s] -- Set runtime path of "/home/skpro/Desktop/Robotics Learning/ros2_ws/install/turtlesim/lib/libturtlesim__rosidl_typesupport_fastrtps_c.so" to ""
[84.444s] -- Up-to-date: /home/skpro/Desktop/Robotics Learning/ros2_ws/install/turtlesim/include/turtlesim/turtlesim
[84.444s] -- Up-to-date: /home/skpro/Desktop/Robotics Learning/ros2_ws/install/turtlesim/include/turtlesim/turtlesim/msg
[84.444s] -- Installing: /home/skpro/Desktop/Robotics Learning/ros2_ws/install/turtlesim/include/turtlesim/turtlesim/msg/pose.hpp
[84.444s] -- Installing: /home/skpro/Desktop/Robotics Learning/ros2_ws/install/turtlesim/include/turtlesim/turtlesim/msg/rosidl_generator_cpp__visibility_control.hpp
[84.444s] -- Installing: /home/skpro/Desktop/Robotics Learning/ros2_ws/install/turtlesim/include/turtlesim/turtlesim/msg/color.hpp
[84.445s] -- Up-to-date: /home/skpro/Desktop/Robotics Learning/ros2_ws/install/turtlesim/include/turtlesim/turtlesim/msg/detail
[84.445s] -- Installing: /home/skpro/Desktop/Robotics Learning/ros2_ws/install/turtlesim/include/turtlesim/turtlesim/msg/detail/pose__struct.hpp
[84.446s] -- Installing: /home/skpro/Desktop/Robotics Learning/ros2_ws/install/turtlesim/include/turtlesim/turtlesim/msg/detail/pose__builder.hpp
[84.446s] -- Installing: /home/skpro/Desktop/Robotics Learning/ros2_ws/install/turtlesim/include/turtlesim/turtlesim/msg/detail/pose__type_support.hpp
[84.446s] -- Installing: /home/skpro/Desktop/Robotics Learning/ros2_ws/install/turtlesim/include/turtlesim/turtlesim/msg/detail/color__type_support.hpp
[84.446s] -- Installing: /home/skpro/Desktop/Robotics Learning/ros2_ws/install/turtlesim/include/turtlesim/turtlesim/msg/detail/color__traits.hpp
[84.446s] -- Installing: /home/skpro/Desktop/Robotics Learning/ros2_ws/install/turtlesim/include/turtlesim/turtlesim/msg/detail/color__builder.hpp
[84.446s] -- Installing: /home/skpro/Desktop/Robotics Learning/ros2_ws/install/turtlesim/include/turtlesim/turtlesim/msg/detail/pose__traits.hpp
[84.446s] -- Installing: /home/skpro/Desktop/Robotics Learning/ros2_ws/install/turtlesim/include/turtlesim/turtlesim/msg/detail/color__struct.hpp
[84.447s] -- Up-to-date: /home/skpro/Desktop/Robotics Learning/ros2_ws/install/turtlesim/include/turtlesim/turtlesim/srv
[84.447s] -- Installing: /home/skpro/Desktop/Robotics Learning/ros2_ws/install/turtlesim/include/turtlesim/turtlesim/srv/set_pen.hpp
[84.447s] -- Installing: /home/skpro/Desktop/Robotics Learning/ros2_ws/install/turtlesim/include/turtlesim/turtlesim/srv/kill.hpp
[84.447s] -- Installing: /home/skpro/Desktop/Robotics Learning/ros2_ws/install/turtlesim/include/turtlesim/turtlesim/srv/teleport_absolute.hpp
[84.448s] -- Installing: /home/skpro/Desktop/Robotics Learning/ros2_ws/install/turtlesim/include/turtlesim/turtlesim/srv/teleport_relative.hpp
[84.448s] -- Up-to-date: /home/skpro/Desktop/Robotics Learning/ros2_ws/install/turtlesim/include/turtlesim/turtlesim/srv/detail
[84.448s] -- Installing: /home/skpro/Desktop/Robotics Learning/ros2_ws/install/turtlesim/include/turtlesim/turtlesim/srv/detail/set_pen__type_support.hpp
[84.448s] -- Installing: /home/skpro/Desktop/Robotics Learning/ros2_ws/install/turtlesim/include/turtlesim/turtlesim/srv/detail/set_pen__struct.hpp
[84.448s] -- Installing: /home/skpro/Desktop/Robotics Learning/ros2_ws/install/turtlesim/include/turtlesim/turtlesim/srv/detail/teleport_absolute__struct.hpp
[84.448s] -- Installing: /home/skpro/Desktop/Robotics Learning/ros2_ws/install/turtlesim/include/turtlesim/turtlesim/srv/detail/spawn__type_support.hpp
[84.448s] -- Installing: /home/skpro/Desktop/Robotics Learning/ros2_ws/install/turtlesim/include/turtlesim/turtlesim/srv/detail/kill__traits.hpp
[84.448s] -- Installing: /home/skpro/Desktop/Robotics Learning/ros2_ws/install/turtlesim/include/turtlesim/turtlesim/srv/detail/spawn__builder.hpp
[84.448s] -- Installing: /home/skpro/Desktop/Robotics Learning/ros2_ws/install/turtlesim/include/turtlesim/turtlesim/srv/detail/spawn__traits.hpp
[84.449s] -- Installing: /home/skpro/Desktop/Robotics Learning/ros2_ws/install/turtlesim/include/turtlesim/turtlesim/srv/detail/teleport_relative__type_support.hpp
[84.449s] -- Installing: /home/skpro/Desktop/Robotics Learning/ros2_ws/install/turtlesim/include/turtlesim/turtlesim/srv/detail/teleport_relative__traits.hpp
[84.449s] -- Installing: /home/skpro/Desktop/Robotics Learning/ros2_ws/install/turtlesim/include/turtlesim/turtlesim/srv/detail/set_pen__traits.hpp
[84.449s] -- Installing: /home/skpro/Desktop/Robotics Learning/ros2_ws/install/turtlesim/include/turtlesim/turtlesim/srv/detail/teleport_relative__builder.hpp
[84.449s] -- Installing: /home/skpro/Desktop/Robotics Learning/ros2_ws/install/turtlesim/include/turtlesim/turtlesim/srv/detail/teleport_absolute__builder.hpp
[84.449s] -- Installing: /home/skpro/Desktop/Robotics Learning/ros2_ws/install/turtlesim/include/turtlesim/turtlesim/srv/detail/teleport_relative__struct.hpp
[84.449s] -- Installing: /home/skpro/Desktop/Robotics Learning/ros2_ws/install/turtlesim/include/turtlesim/turtlesim/srv/detail/teleport_absolute__type_support.hpp
[84.449s] -- Installing: /home/skpro/Desktop/Robotics Learning/ros2_ws/install/turtlesim/include/turtlesim/turtlesim/srv/detail/kill__builder.hpp
[84.449s] -- Installing: /home/skpro/Desktop/Robotics Learning/ros2_ws/install/turtlesim/include/turtlesim/turtlesim/srv/detail/kill__type_support.hpp
[84.451s] -- Installing: /home/skpro/Desktop/Robotics Learning/ros2_ws/install/turtlesim/include/turtlesim/turtlesim/srv/detail/set_pen__builder.hpp
[84.452s] -- Installing: /home/skpro/Desktop/Robotics Learning/ros2_ws/install/turtlesim/include/turtlesim/turtlesim/srv/detail/spawn__struct.hpp
[84.452s] -- Installing: /home/skpro/Desktop/Robotics Learning/ros2_ws/install/turtlesim/include/turtlesim/turtlesim/srv/detail/teleport_absolute__traits.hpp
[84.452s] -- Installing: /home/skpro/Desktop/Robotics Learning/ros2_ws/install/turtlesim/include/turtlesim/turtlesim/srv/detail/kill__struct.hpp
[84.452s] -- Installing: /home/skpro/Desktop/Robotics Learning/ros2_ws/install/turtlesim/include/turtlesim/turtlesim/srv/spawn.hpp
[84.452s] -- Up-to-date: /home/skpro/Desktop/Robotics Learning/ros2_ws/install/turtlesim/include/turtlesim/turtlesim/action
[84.452s] -- Installing: /home/skpro/Desktop/Robotics Learning/ros2_ws/install/turtlesim/include/turtlesim/turtlesim/action/rotate_absolute.hpp
[84.452s] -- Up-to-date: /home/skpro/Desktop/Robotics Learning/ros2_ws/install/turtlesim/include/turtlesim/turtlesim/action/detail
[84.452s] -- Installing: /home/skpro/Desktop/Robotics Learning/ros2_ws/install/turtlesim/include/turtlesim/turtlesim/action/detail/rotate_absolute__builder.hpp
[84.452s] -- Installing: /home/skpro/Desktop/Robotics Learning/ros2_ws/install/turtlesim/include/turtlesim/turtlesim/action/detail/rotate_absolute__struct.hpp
[84.452s] -- Installing: /home/skpro/Desktop/Robotics Learning/ros2_ws/install/turtlesim/include/turtlesim/turtlesim/action/detail/rotate_absolute__type_support.hpp
[84.452s] -- Installing: /home/skpro/Desktop/Robotics Learning/ros2_ws/install/turtlesim/include/turtlesim/turtlesim/action/detail/rotate_absolute__traits.hpp
[84.453s] -- Up-to-date: /home/skpro/Desktop/Robotics Learning/ros2_ws/install/turtlesim/include/turtlesim/turtlesim
[84.453s] -- Up-to-date: /home/skpro/Desktop/Robotics Learning/ros2_ws/install/turtlesim/include/turtlesim/turtlesim/msg
[84.453s] -- Installing: /home/skpro/Desktop/Robotics Learning/ros2_ws/install/turtlesim/include/turtlesim/turtlesim/msg/rosidl_typesupport_fastrtps_cpp__visibility_control.h
[84.453s] -- Up-to-date: /home/skpro/Desktop/Robotics Learning/ros2_ws/install/turtlesim/include/turtlesim/turtlesim/msg/detail
[84.453s] -- Installing: /home/skpro/Desktop/Robotics Learning/ros2_ws/install/turtlesim/include/turtlesim/turtlesim/msg/detail/pose__rosidl_typesupport_fastrtps_cpp.hpp
[84.453s] -- Installing: /home/skpro/Desktop/Robotics Learning/ros2_ws/install/turtlesim/include/turtlesim/turtlesim/msg/detail/dds_fastrtps
[84.453s] -- Installing: /home/skpro/Desktop/Robotics Learning/ros2_ws/install/turtlesim/include/turtlesim/turtlesim/msg/detail/color__rosidl_typesupport_fastrtps_cpp.hpp
[84.453s] -- Up-to-date: /home/skpro/Desktop/Robotics Learning/ros2_ws/install/turtlesim/include/turtlesim/turtlesim/srv
[84.454s] -- Up-to-date: /home/skpro/Desktop/Robotics Learning/ros2_ws/install/turtlesim/include/turtlesim/turtlesim/srv/detail
[84.454s] -- Installing: /home/skpro/Desktop/Robotics Learning/ros2_ws/install/turtlesim/include/turtlesim/turtlesim/srv/detail/set_pen__rosidl_typesupport_fastrtps_cpp.hpp
[84.454s] -- Installing: /home/skpro/Desktop/Robotics Learning/ros2_ws/install/turtlesim/include/turtlesim/turtlesim/srv/detail/teleport_absolute__rosidl_typesupport_fastrtps_cpp.hpp
[84.454s] -- Installing: /home/skpro/Desktop/Robotics Learning/ros2_ws/install/turtlesim/include/turtlesim/turtlesim/srv/detail/teleport_relative__rosidl_typesupport_fastrtps_cpp.hpp
[84.454s] -- Installing: /home/skpro/Desktop/Robotics Learning/ros2_ws/install/turtlesim/include/turtlesim/turtlesim/srv/detail/dds_fastrtps
[84.454s] -- Installing: /home/skpro/Desktop/Robotics Learning/ros2_ws/install/turtlesim/include/turtlesim/turtlesim/srv/detail/spawn__rosidl_typesupport_fastrtps_cpp.hpp
[84.454s] -- Installing: /home/skpro/Desktop/Robotics Learning/ros2_ws/install/turtlesim/include/turtlesim/turtlesim/srv/detail/kill__rosidl_typesupport_fastrtps_cpp.hpp
[84.454s] -- Up-to-date: /home/skpro/Desktop/Robotics Learning/ros2_ws/install/turtlesim/include/turtlesim/turtlesim/action
[84.454s] -- Up-to-date: /home/skpro/Desktop/Robotics Learning/ros2_ws/install/turtlesim/include/turtlesim/turtlesim/action/detail
[84.455s] -- Installing: /home/skpro/Desktop/Robotics Learning/ros2_ws/install/turtlesim/include/turtlesim/turtlesim/action/detail/dds_fastrtps
[84.455s] -- Installing: /home/skpro/Desktop/Robotics Learning/ros2_ws/install/turtlesim/include/turtlesim/turtlesim/action/detail/rotate_absolute__rosidl_typesupport_fastrtps_cpp.hpp
[84.455s] -- Installing: /home/skpro/Desktop/Robotics Learning/ros2_ws/install/turtlesim/lib/libturtlesim__rosidl_typesupport_fastrtps_cpp.so
[84.455s] -- Set runtime path of "/home/skpro/Desktop/Robotics Learning/ros2_ws/install/turtlesim/lib/libturtlesim__rosidl_typesupport_fastrtps_cpp.so" to ""
[84.455s] -- Up-to-date: /home/skpro/Desktop/Robotics Learning/ros2_ws/install/turtlesim/include/turtlesim/turtlesim
[84.455s] -- Up-to-date: /home/skpro/Desktop/Robotics Learning/ros2_ws/install/turtlesim/include/turtlesim/turtlesim/msg
[84.456s] -- Up-to-date: /home/skpro/Desktop/Robotics Learning/ros2_ws/install/turtlesim/include/turtlesim/turtlesim/msg/detail
[84.456s] -- Installing: /home/skpro/Desktop/Robotics Learning/ros2_ws/install/turtlesim/include/turtlesim/turtlesim/msg/detail/color__rosidl_typesupport_introspection_c.h
[84.456s] -- Installing: /home/skpro/Desktop/Robotics Learning/ros2_ws/install/turtlesim/include/turtlesim/turtlesim/msg/detail/color__type_support.c
[84.456s] -- Installing: /home/skpro/Desktop/Robotics Learning/ros2_ws/install/turtlesim/include/turtlesim/turtlesim/msg/detail/pose__type_support.c
[84.456s] -- Installing: /home/skpro/Desktop/Robotics Learning/ros2_ws/install/turtlesim/include/turtlesim/turtlesim/msg/detail/pose__rosidl_typesupport_introspection_c.h
[84.456s] -- Installing: /home/skpro/Desktop/Robotics Learning/ros2_ws/install/turtlesim/include/turtlesim/turtlesim/msg/rosidl_typesupport_introspection_c__visibility_control.h
[84.456s] -- Up-to-date: /home/skpro/Desktop/Robotics Learning/ros2_ws/install/turtlesim/include/turtlesim/turtlesim/srv
[84.456s] -- Up-to-date: /home/skpro/Desktop/Robotics Learning/ros2_ws/install/turtlesim/include/turtlesim/turtlesim/srv/detail
[84.456s] -- Installing: /home/skpro/Desktop/Robotics Learning/ros2_ws/install/turtlesim/include/turtlesim/turtlesim/srv/detail/set_pen__rosidl_typesupport_introspection_c.h
[84.456s] -- Installing: /home/skpro/Desktop/Robotics Learning/ros2_ws/install/turtlesim/include/turtlesim/turtlesim/srv/detail/teleport_absolute__rosidl_typesupport_introspection_c.h
[84.456s] -- Installing: /home/skpro/Desktop/Robotics Learning/ros2_ws/install/turtlesim/include/turtlesim/turtlesim/srv/detail/teleport_relative__type_support.c
[84.456s] -- Installing: /home/skpro/Desktop/Robotics Learning/ros2_ws/install/turtlesim/include/turtlesim/turtlesim/srv/detail/set_pen__type_support.c
[84.456s] -- Installing: /home/skpro/Desktop/Robotics Learning/ros2_ws/install/turtlesim/include/turtlesim/turtlesim/srv/detail/kill__type_support.c
[84.456s] -- Installing: /home/skpro/Desktop/Robotics Learning/ros2_ws/install/turtlesim/include/turtlesim/turtlesim/srv/detail/kill__rosidl_typesupport_introspection_c.h
[84.457s] -- Installing: /home/skpro/Desktop/Robotics Learning/ros2_ws/install/turtlesim/include/turtlesim/turtlesim/srv/detail/spawn__type_support.c
[84.457s] -- Installing: /home/skpro/Desktop/Robotics Learning/ros2_ws/install/turtlesim/include/turtlesim/turtlesim/srv/detail/teleport_absolute__type_support.c
[84.457s] -- Installing: /home/skpro/Desktop/Robotics Learning/ros2_ws/install/turtlesim/include/turtlesim/turtlesim/srv/detail/spawn__rosidl_typesupport_introspection_c.h
[84.457s] -- Installing: /home/skpro/Desktop/Robotics Learning/ros2_ws/install/turtlesim/include/turtlesim/turtlesim/srv/detail/teleport_relative__rosidl_typesupport_introspection_c.h
[84.457s] -- Up-to-date: /home/skpro/Desktop/Robotics Learning/ros2_ws/install/turtlesim/include/turtlesim/turtlesim/action
[84.457s] -- Up-to-date: /home/skpro/Desktop/Robotics Learning/ros2_ws/install/turtlesim/include/turtlesim/turtlesim/action/detail
[84.458s] -- Installing: /home/skpro/Desktop/Robotics Learning/ros2_ws/install/turtlesim/include/turtlesim/turtlesim/action/detail/rotate_absolute__rosidl_typesupport_introspection_c.h
[84.458s] -- Installing: /home/skpro/Desktop/Robotics Learning/ros2_ws/install/turtlesim/include/turtlesim/turtlesim/action/detail/rotate_absolute__type_support.c
[84.458s] -- Installing: /home/skpro/Desktop/Robotics Learning/ros2_ws/install/turtlesim/lib/libturtlesim__rosidl_typesupport_introspection_c.so
[84.458s] -- Set runtime path of "/home/skpro/Desktop/Robotics Learning/ros2_ws/install/turtlesim/lib/libturtlesim__rosidl_typesupport_introspection_c.so" to ""
[84.458s] -- Installing: /home/skpro/Desktop/Robotics Learning/ros2_ws/install/turtlesim/lib/libturtlesim__rosidl_typesupport_c.so
[84.458s] -- Set runtime path of "/home/skpro/Desktop/Robotics Learning/ros2_ws/install/turtlesim/lib/libturtlesim__rosidl_typesupport_c.so" to ""
[84.458s] -- Up-to-date: /home/skpro/Desktop/Robotics Learning/ros2_ws/install/turtlesim/include/turtlesim/turtlesim
[84.458s] -- Up-to-date: /home/skpro/Desktop/Robotics Learning/ros2_ws/install/turtlesim/include/turtlesim/turtlesim/msg
[84.458s] -- Up-to-date: /home/skpro/Desktop/Robotics Learning/ros2_ws/install/turtlesim/include/turtlesim/turtlesim/msg/detail
[84.458s] -- Installing: /home/skpro/Desktop/Robotics Learning/ros2_ws/install/turtlesim/include/turtlesim/turtlesim/msg/detail/color__type_support.cpp
[84.458s] -- Installing: /home/skpro/Desktop/Robotics Learning/ros2_ws/install/turtlesim/include/turtlesim/turtlesim/msg/detail/pose__type_support.cpp
[84.458s] -- Installing: /home/skpro/Desktop/Robotics Learning/ros2_ws/install/turtlesim/include/turtlesim/turtlesim/msg/detail/pose__rosidl_typesupport_introspection_cpp.hpp
[84.458s] -- Installing: /home/skpro/Desktop/Robotics Learning/ros2_ws/install/turtlesim/include/turtlesim/turtlesim/msg/detail/color__rosidl_typesupport_introspection_cpp.hpp
[84.459s] -- Up-to-date: /home/skpro/Desktop/Robotics Learning/ros2_ws/install/turtlesim/include/turtlesim/turtlesim/srv
[84.459s] -- Up-to-date: /home/skpro/Desktop/Robotics Learning/ros2_ws/install/turtlesim/include/turtlesim/turtlesim/srv/detail
[84.459s] -- Installing: /home/skpro/Desktop/Robotics Learning/ros2_ws/install/turtlesim/include/turtlesim/turtlesim/srv/detail/teleport_relative__type_support.cpp
[84.459s] -- Installing: /home/skpro/Desktop/Robotics Learning/ros2_ws/install/turtlesim/include/turtlesim/turtlesim/srv/detail/set_pen__type_support.cpp
[84.459s] -- Installing: /home/skpro/Desktop/Robotics Learning/ros2_ws/install/turtlesim/include/turtlesim/turtlesim/srv/detail/kill__type_support.cpp
[84.459s] -- Installing: /home/skpro/Desktop/Robotics Learning/ros2_ws/install/turtlesim/include/turtlesim/turtlesim/srv/detail/teleport_absolute__type_support.cpp
[84.459s] -- Installing: /home/skpro/Desktop/Robotics Learning/ros2_ws/install/turtlesim/include/turtlesim/turtlesim/srv/detail/set_pen__rosidl_typesupport_introspection_cpp.hpp
[84.459s] -- Installing: /home/skpro/Desktop/Robotics Learning/ros2_ws/install/turtlesim/include/turtlesim/turtlesim/srv/detail/kill__rosidl_typesupport_introspection_cpp.hpp
[84.459s] -- Installing: /home/skpro/Desktop/Robotics Learning/ros2_ws/install/turtlesim/include/turtlesim/turtlesim/srv/detail/spawn__rosidl_typesupport_introspection_cpp.hpp
[84.459s] -- Installing: /home/skpro/Desktop/Robotics Learning/ros2_ws/install/turtlesim/include/turtlesim/turtlesim/srv/detail/spawn__type_support.cpp
[84.459s] -- Installing: /home/skpro/Desktop/Robotics Learning/ros2_ws/install/turtlesim/include/turtlesim/turtlesim/srv/detail/teleport_relative__rosidl_typesupport_introspection_cpp.hpp
[84.459s] -- Installing: /home/skpro/Desktop/Robotics Learning/ros2_ws/install/turtlesim/include/turtlesim/turtlesim/srv/detail/teleport_absolute__rosidl_typesupport_introspection_cpp.hpp
[84.459s] -- Up-to-date: /home/skpro/Desktop/Robotics Learning/ros2_ws/install/turtlesim/include/turtlesim/turtlesim/action
[84.459s] -- Up-to-date: /home/skpro/Desktop/Robotics Learning/ros2_ws/install/turtlesim/include/turtlesim/turtlesim/action/detail
[84.460s] -- Installing: /home/skpro/Desktop/Robotics Learning/ros2_ws/install/turtlesim/include/turtlesim/turtlesim/action/detail/rotate_absolute__rosidl_typesupport_introspection_cpp.hpp
[84.460s] -- Installing: /home/skpro/Desktop/Robotics Learning/ros2_ws/install/turtlesim/include/turtlesim/turtlesim/action/detail/rotate_absolute__type_support.cpp
[84.460s] -- Installing: /home/skpro/Desktop/Robotics Learning/ros2_ws/install/turtlesim/lib/libturtlesim__rosidl_typesupport_introspection_cpp.so
[84.461s] -- Set runtime path of "/home/skpro/Desktop/Robotics Learning/ros2_ws/install/turtlesim/lib/libturtlesim__rosidl_typesupport_introspection_cpp.so" to ""
[84.462s] -- Installing: /home/skpro/Desktop/Robotics Learning/ros2_ws/install/turtlesim/lib/libturtlesim__rosidl_typesupport_cpp.so
[84.471s] -- Set runtime path of "/home/skpro/Desktop/Robotics Learning/ros2_ws/install/turtlesim/lib/libturtlesim__rosidl_typesupport_cpp.so" to ""
[84.472s] -- Installing: /home/skpro/Desktop/Robotics Learning/ros2_ws/install/turtlesim/share/turtlesim/environment/pythonpath.sh
[84.473s] -- Installing: /home/skpro/Desktop/Robotics Learning/ros2_ws/install/turtlesim/share/turtlesim/environment/pythonpath.dsv
[84.473s] -- Installing: /home/skpro/Desktop/Robotics Learning/ros2_ws/install/turtlesim/local/lib/python3.10/dist-packages/turtlesim-1.4.2-py3.10.egg-info
[84.473s] -- Installing: /home/skpro/Desktop/Robotics Learning/ros2_ws/install/turtlesim/local/lib/python3.10/dist-packages/turtlesim-1.4.2-py3.10.egg-info/SOURCES.txt
[84.473s] -- Installing: /home/skpro/Desktop/Robotics Learning/ros2_ws/install/turtlesim/local/lib/python3.10/dist-packages/turtlesim-1.4.2-py3.10.egg-info/top_level.txt
[84.473s] -- Installing: /home/skpro/Desktop/Robotics Learning/ros2_ws/install/turtlesim/local/lib/python3.10/dist-packages/turtlesim-1.4.2-py3.10.egg-info/PKG-INFO
[84.473s] -- Installing: /home/skpro/Desktop/Robotics Learning/ros2_ws/install/turtlesim/local/lib/python3.10/dist-packages/turtlesim-1.4.2-py3.10.egg-info/dependency_links.txt
[84.473s] -- Installing: /home/skpro/Desktop/Robotics Learning/ros2_ws/install/turtlesim/local/lib/python3.10/dist-packages/turtlesim
[84.473s] -- Installing: /home/skpro/Desktop/Robotics Learning/ros2_ws/install/turtlesim/local/lib/python3.10/dist-packages/turtlesim/_turtlesim_s.ep.rosidl_typesupport_c.c
[84.473s] -- Installing: /home/skpro/Desktop/Robotics Learning/ros2_ws/install/turtlesim/local/lib/python3.10/dist-packages/turtlesim/_turtlesim_s.ep.rosidl_typesupport_introspection_c.c
[84.473s] -- Installing: /home/skpro/Desktop/Robotics Learning/ros2_ws/install/turtlesim/local/lib/python3.10/dist-packages/turtlesim/msg
[84.473s] -- Installing: /home/skpro/Desktop/Robotics Learning/ros2_ws/install/turtlesim/local/lib/python3.10/dist-packages/turtlesim/msg/_color_s.c
[84.473s] -- Installing: /home/skpro/Desktop/Robotics Learning/ros2_ws/install/turtlesim/local/lib/python3.10/dist-packages/turtlesim/msg/_pose.py
[84.473s] -- Installing: /home/skpro/Desktop/Robotics Learning/ros2_ws/install/turtlesim/local/lib/python3.10/dist-packages/turtlesim/msg/_color.py
[84.473s] -- Installing: /home/skpro/Desktop/Robotics Learning/ros2_ws/install/turtlesim/local/lib/python3.10/dist-packages/turtlesim/msg/_pose_s.c
[84.473s] -- Installing: /home/skpro/Desktop/Robotics Learning/ros2_ws/install/turtlesim/local/lib/python3.10/dist-packages/turtlesim/msg/__init__.py
[84.473s] -- Installing: /home/skpro/Desktop/Robotics Learning/ros2_ws/install/turtlesim/local/lib/python3.10/dist-packages/turtlesim/srv
[84.473s] -- Installing: /home/skpro/Desktop/Robotics Learning/ros2_ws/install/turtlesim/local/lib/python3.10/dist-packages/turtlesim/srv/_kill.py
[84.474s] -- Installing: /home/skpro/Desktop/Robotics Learning/ros2_ws/install/turtlesim/local/lib/python3.10/dist-packages/turtlesim/srv/_teleport_absolute_s.c
[84.474s] -- Installing: /home/skpro/Desktop/Robotics Learning/ros2_ws/install/turtlesim/local/lib/python3.10/dist-packages/turtlesim/srv/_teleport_relative_s.c
[84.474s] -- Installing: /home/skpro/Desktop/Robotics Learning/ros2_ws/install/turtlesim/local/lib/python3.10/dist-packages/turtlesim/srv/_set_pen.py
[84.474s] -- Installing: /home/skpro/Desktop/Robotics Learning/ros2_ws/install/turtlesim/local/lib/python3.10/dist-packages/turtlesim/srv/_spawn_s.c
[84.474s] -- Installing: /home/skpro/Desktop/Robotics Learning/ros2_ws/install/turtlesim/local/lib/python3.10/dist-packages/turtlesim/srv/_teleport_relative.py
[84.474s] -- Installing: /home/skpro/Desktop/Robotics Learning/ros2_ws/install/turtlesim/local/lib/python3.10/dist-packages/turtlesim/srv/_set_pen_s.c
[84.474s] -- Installing: /home/skpro/Desktop/Robotics Learning/ros2_ws/install/turtlesim/local/lib/python3.10/dist-packages/turtlesim/srv/__init__.py
[84.474s] -- Installing: /home/skpro/Desktop/Robotics Learning/ros2_ws/install/turtlesim/local/lib/python3.10/dist-packages/turtlesim/srv/_spawn.py
[84.474s] -- Installing: /home/skpro/Desktop/Robotics Learning/ros2_ws/install/turtlesim/local/lib/python3.10/dist-packages/turtlesim/srv/_kill_s.c
[84.474s] -- Installing: /home/skpro/Desktop/Robotics Learning/ros2_ws/install/turtlesim/local/lib/python3.10/dist-packages/turtlesim/srv/_teleport_absolute.py
[84.474s] -- Installing: /home/skpro/Desktop/Robotics Learning/ros2_ws/install/turtlesim/local/lib/python3.10/dist-packages/turtlesim/turtlesim_s__rosidl_typesupport_introspection_c.cpython-310-x86_64-linux-gnu.so
[84.484s] -- Installing: /home/skpro/Desktop/Robotics Learning/ros2_ws/install/turtlesim/local/lib/python3.10/dist-packages/turtlesim/libturtlesim__rosidl_generator_py.so
[84.484s] -- Installing: /home/skpro/Desktop/Robotics Learning/ros2_ws/install/turtlesim/local/lib/python3.10/dist-packages/turtlesim/turtlesim_s__rosidl_typesupport_fastrtps_c.cpython-310-x86_64-linux-gnu.so
[84.484s] -- Installing: /home/skpro/Desktop/Robotics Learning/ros2_ws/install/turtlesim/local/lib/python3.10/dist-packages/turtlesim/__init__.py
[84.484s] -- Installing: /home/skpro/Desktop/Robotics Learning/ros2_ws/install/turtlesim/local/lib/python3.10/dist-packages/turtlesim/_turtlesim_s.ep.rosidl_typesupport_fastrtps_c.c
[84.484s] -- Installing: /home/skpro/Desktop/Robotics Learning/ros2_ws/install/turtlesim/local/lib/python3.10/dist-packages/turtlesim/turtlesim_s__rosidl_typesupport_c.cpython-310-x86_64-linux-gnu.so
[84.484s] -- Installing: /home/skpro/Desktop/Robotics Learning/ros2_ws/install/turtlesim/local/lib/python3.10/dist-packages/turtlesim/action
[84.488s] -- Installing: /home/skpro/Desktop/Robotics Learning/ros2_ws/install/turtlesim/local/lib/python3.10/dist-packages/turtlesim/action/_rotate_absolute.py
[84.490s] -- Installing: /home/skpro/Desktop/Robotics Learning/ros2_ws/install/turtlesim/local/lib/python3.10/dist-packages/turtlesim/action/__init__.py
[84.490s] -- Installing: /home/skpro/Desktop/Robotics Learning/ros2_ws/install/turtlesim/local/lib/python3.10/dist-packages/turtlesim/action/_rotate_absolute_s.c
[84.573s] Listing '/home/skpro/Desktop/Robotics Learning/ros2_ws/install/turtlesim/local/lib/python3.10/dist-packages/turtlesim'...
[84.573s] Compiling '/home/skpro/Desktop/Robotics Learning/ros2_ws/install/turtlesim/local/lib/python3.10/dist-packages/turtlesim/__init__.py'...
[84.573s] Listing '/home/skpro/Desktop/Robotics Learning/ros2_ws/install/turtlesim/local/lib/python3.10/dist-packages/turtlesim/action'...
[84.573s] Compiling '/home/skpro/Desktop/Robotics Learning/ros2_ws/install/turtlesim/local/lib/python3.10/dist-packages/turtlesim/action/__init__.py'...
[84.573s] Compiling '/home/skpro/Desktop/Robotics Learning/ros2_ws/install/turtlesim/local/lib/python3.10/dist-packages/turtlesim/action/_rotate_absolute.py'...
[84.573s] Listing '/home/skpro/Desktop/Robotics Learning/ros2_ws/install/turtlesim/local/lib/python3.10/dist-packages/turtlesim/msg'...
[84.573s] Compiling '/home/skpro/Desktop/Robotics Learning/ros2_ws/install/turtlesim/local/lib/python3.10/dist-packages/turtlesim/msg/__init__.py'...
[84.573s] Compiling '/home/skpro/Desktop/Robotics Learning/ros2_ws/install/turtlesim/local/lib/python3.10/dist-packages/turtlesim/msg/_color.py'...
[84.574s] Compiling '/home/skpro/Desktop/Robotics Learning/ros2_ws/install/turtlesim/local/lib/python3.10/dist-packages/turtlesim/msg/_pose.py'...
[84.574s] Listing '/home/skpro/Desktop/Robotics Learning/ros2_ws/install/turtlesim/local/lib/python3.10/dist-packages/turtlesim/srv'...
[84.574s] Compiling '/home/skpro/Desktop/Robotics Learning/ros2_ws/install/turtlesim/local/lib/python3.10/dist-packages/turtlesim/srv/__init__.py'...
[84.574s] Compiling '/home/skpro/Desktop/Robotics Learning/ros2_ws/install/turtlesim/local/lib/python3.10/dist-packages/turtlesim/srv/_kill.py'...
[84.574s] Compiling '/home/skpro/Desktop/Robotics Learning/ros2_ws/install/turtlesim/local/lib/python3.10/dist-packages/turtlesim/srv/_set_pen.py'...
[84.574s] Compiling '/home/skpro/Desktop/Robotics Learning/ros2_ws/install/turtlesim/local/lib/python3.10/dist-packages/turtlesim/srv/_spawn.py'...
[84.574s] Compiling '/home/skpro/Desktop/Robotics Learning/ros2_ws/install/turtlesim/local/lib/python3.10/dist-packages/turtlesim/srv/_teleport_absolute.py'...
[84.575s] Compiling '/home/skpro/Desktop/Robotics Learning/ros2_ws/install/turtlesim/local/lib/python3.10/dist-packages/turtlesim/srv/_teleport_relative.py'...
[84.581s] -- Installing: /home/skpro/Desktop/Robotics Learning/ros2_ws/install/turtlesim/local/lib/python3.10/dist-packages/turtlesim/turtlesim_s__rosidl_typesupport_fastrtps_c.cpython-310-x86_64-linux-gnu.so
[84.581s] -- Set runtime path of "/home/skpro/Desktop/Robotics Learning/ros2_ws/install/turtlesim/local/lib/python3.10/dist-packages/turtlesim/turtlesim_s__rosidl_typesupport_fastrtps_c.cpython-310-x86_64-linux-gnu.so" to ""
[84.581s] -- Installing: /home/skpro/Desktop/Robotics Learning/ros2_ws/install/turtlesim/local/lib/python3.10/dist-packages/turtlesim/turtlesim_s__rosidl_typesupport_introspection_c.cpython-310-x86_64-linux-gnu.so
[84.582s] -- Set runtime path of "/home/skpro/Desktop/Robotics Learning/ros2_ws/install/turtlesim/local/lib/python3.10/dist-packages/turtlesim/turtlesim_s__rosidl_typesupport_introspection_c.cpython-310-x86_64-linux-gnu.so" to ""
[84.585s] -- Installing: /home/skpro/Desktop/Robotics Learning/ros2_ws/install/turtlesim/local/lib/python3.10/dist-packages/turtlesim/turtlesim_s__rosidl_typesupport_c.cpython-310-x86_64-linux-gnu.so
[84.585s] -- Set runtime path of "/home/skpro/Desktop/Robotics Learning/ros2_ws/install/turtlesim/local/lib/python3.10/dist-packages/turtlesim/turtlesim_s__rosidl_typesupport_c.cpython-310-x86_64-linux-gnu.so" to ""
[84.585s] -- Installing: /home/skpro/Desktop/Robotics Learning/ros2_ws/install/turtlesim/lib/libturtlesim__rosidl_generator_py.so
[84.586s] -- Set runtime path of "/home/skpro/Desktop/Robotics Learning/ros2_ws/install/turtlesim/lib/libturtlesim__rosidl_generator_py.so" to ""
[84.586s] -- Installing: /home/skpro/Desktop/Robotics Learning/ros2_ws/install/turtlesim/share/turtlesim/action/RotateAbsolute.idl
[84.586s] -- Installing: /home/skpro/Desktop/Robotics Learning/ros2_ws/install/turtlesim/share/turtlesim/msg/Color.idl
[84.591s] -- Installing: /home/skpro/Desktop/Robotics Learning/ros2_ws/install/turtlesim/share/turtlesim/msg/Pose.idl
[84.592s] -- Installing: /home/skpro/Desktop/Robotics Learning/ros2_ws/install/turtlesim/share/turtlesim/srv/Kill.idl
[84.592s] -- Installing: /home/skpro/Desktop/Robotics Learning/ros2_ws/install/turtlesim/share/turtlesim/srv/SetPen.idl
[84.592s] -- Installing: /home/skpro/Desktop/Robotics Learning/ros2_ws/install/turtlesim/share/turtlesim/srv/Spawn.idl
[84.592s] -- Installing: /home/skpro/Desktop/Robotics Learning/ros2_ws/install/turtlesim/share/turtlesim/srv/TeleportAbsolute.idl
[84.592s] -- Installing: /home/skpro/Desktop/Robotics Learning/ros2_ws/install/turtlesim/share/turtlesim/srv/TeleportRelative.idl
[84.595s] -- Installing: /home/skpro/Desktop/Robotics Learning/ros2_ws/install/turtlesim/share/turtlesim/action/RotateAbsolute.action
[84.595s] -- Installing: /home/skpro/Desktop/Robotics Learning/ros2_ws/install/turtlesim/share/turtlesim/msg/Color.msg
[84.596s] -- Installing: /home/skpro/Desktop/Robotics Learning/ros2_ws/install/turtlesim/share/turtlesim/msg/Pose.msg
[84.596s] -- Installing: /home/skpro/Desktop/Robotics Learning/ros2_ws/install/turtlesim/share/turtlesim/srv/Kill.srv
[84.596s] -- Installing: /home/skpro/Desktop/Robotics Learning/ros2_ws/install/turtlesim/share/turtlesim/srv/Kill_Request.msg
[84.596s] -- Installing: /home/skpro/Desktop/Robotics Learning/ros2_ws/install/turtlesim/share/turtlesim/srv/Kill_Response.msg
[84.598s] -- Installing: /home/skpro/Desktop/Robotics Learning/ros2_ws/install/turtlesim/share/turtlesim/srv/SetPen.srv
[84.598s] -- Installing: /home/skpro/Desktop/Robotics Learning/ros2_ws/install/turtlesim/share/turtlesim/srv/SetPen_Request.msg
[84.599s] -- Installing: /home/skpro/Desktop/Robotics Learning/ros2_ws/install/turtlesim/share/turtlesim/srv/SetPen_Response.msg
[84.599s] -- Installing: /home/skpro/Desktop/Robotics Learning/ros2_ws/install/turtlesim/share/turtlesim/srv/Spawn.srv
[84.599s] -- Installing: /home/skpro/Desktop/Robotics Learning/ros2_ws/install/turtlesim/share/turtlesim/srv/Spawn_Request.msg
[84.599s] -- Installing: /home/skpro/Desktop/Robotics Learning/ros2_ws/install/turtlesim/share/turtlesim/srv/Spawn_Response.msg
[84.600s] -- Installing: /home/skpro/Desktop/Robotics Learning/ros2_ws/install/turtlesim/share/turtlesim/srv/TeleportAbsolute.srv
[84.600s] -- Installing: /home/skpro/Desktop/Robotics Learning/ros2_ws/install/turtlesim/share/turtlesim/srv/TeleportAbsolute_Request.msg
[84.600s] -- Installing: /home/skpro/Desktop/Robotics Learning/ros2_ws/install/turtlesim/share/turtlesim/srv/TeleportAbsolute_Response.msg
[84.600s] -- Installing: /home/skpro/Desktop/Robotics Learning/ros2_ws/install/turtlesim/share/turtlesim/srv/TeleportRelative.srv
[84.600s] -- Installing: /home/skpro/Desktop/Robotics Learning/ros2_ws/install/turtlesim/share/turtlesim/srv/TeleportRelative_Request.msg
[84.601s] -- Installing: /home/skpro/Desktop/Robotics Learning/ros2_ws/install/turtlesim/share/turtlesim/srv/TeleportRelative_Response.msg
[84.602s] -- Installing: /home/skpro/Desktop/Robotics Learning/ros2_ws/install/turtlesim/lib/turtlesim/turtlesim_node
[84.620s] -- Set runtime path of "/home/skpro/Desktop/Robotics Learning/ros2_ws/install/turtlesim/lib/turtlesim/turtlesim_node" to ""
[84.620s] -- Installing: /home/skpro/Desktop/Robotics Learning/ros2_ws/install/turtlesim/lib/turtlesim/turtle_teleop_key
[84.625s] -- Set runtime path of "/home/skpro/Desktop/Robotics Learning/ros2_ws/install/turtlesim/lib/turtlesim/turtle_teleop_key" to ""
[84.625s] -- Installing: /home/skpro/Desktop/Robotics Learning/ros2_ws/install/turtlesim/lib/turtlesim/draw_square
[84.637s] -- Set runtime path of "/home/skpro/Desktop/Robotics Learning/ros2_ws/install/turtlesim/lib/turtlesim/draw_square" to ""
[84.637s] -- Installing: /home/skpro/Desktop/Robotics Learning/ros2_ws/install/turtlesim/lib/turtlesim/mimic
[84.653s] -- Set runtime path of "/home/skpro/Desktop/Robotics Learning/ros2_ws/install/turtlesim/lib/turtlesim/mimic" to ""
[84.653s] -- Installing: /home/skpro/Desktop/Robotics Learning/ros2_ws/install/turtlesim/share/turtlesim/images
[84.653s] -- Installing: /home/skpro/Desktop/Robotics Learning/ros2_ws/install/turtlesim/share/turtlesim/images/galactic.png
[84.653s] -- Installing: /home/skpro/Desktop/Robotics Learning/ros2_ws/install/turtlesim/share/turtlesim/images/crystal.png
[84.653s] -- Installing: /home/skpro/Desktop/Robotics Learning/ros2_ws/install/turtlesim/share/turtlesim/images/dashing.png
[84.654s] -- Installing: /home/skpro/Desktop/Robotics Learning/ros2_ws/install/turtlesim/share/turtlesim/images/bouncy.png
[84.654s] -- Installing: /home/skpro/Desktop/Robotics Learning/ros2_ws/install/turtlesim/share/turtlesim/images/ardent.png
[84.654s] -- Installing: /home/skpro/Desktop/Robotics Learning/ros2_ws/install/turtlesim/share/turtlesim/images/eloquent.png
[84.654s] -- Installing: /home/skpro/Desktop/Robotics Learning/ros2_ws/install/turtlesim/share/turtlesim/images/foxy.png
[84.658s] -- Installing: /home/skpro/Desktop/Robotics Learning/ros2_ws/install/turtlesim/share/turtlesim/images/rolling.png
[84.658s] -- Installing: /home/skpro/Desktop/Robotics Learning/ros2_ws/install/turtlesim/share/turtlesim/images/humble.png
[84.658s] -- Installing: /home/skpro/Desktop/Robotics Learning/ros2_ws/install/turtlesim/share/turtlesim/launch
[84.658s] -- Installing: /home/skpro/Desktop/Robotics Learning/ros2_ws/install/turtlesim/share/turtlesim/launch/multisim.launch.py
[84.661s] -- Installing: /home/skpro/Desktop/Robotics Learning/ros2_ws/install/turtlesim/share/ament_index/resource_index/package_run_dependencies/turtlesim
[84.661s] -- Installing: /home/skpro/Desktop/Robotics Learning/ros2_ws/install/turtlesim/share/ament_index/resource_index/parent_prefix_path/turtlesim
[84.664s] -- Installing: /home/skpro/Desktop/Robotics Learning/ros2_ws/install/turtlesim/share/turtlesim/environment/ament_prefix_path.sh
[84.664s] -- Installing: /home/skpro/Desktop/Robotics Learning/ros2_ws/install/turtlesim/share/turtlesim/environment/ament_prefix_path.dsv
[84.664s] -- Installing: /home/skpro/Desktop/Robotics Learning/ros2_ws/install/turtlesim/share/turtlesim/environment/path.sh
[84.664s] -- Installing: /home/skpro/Desktop/Robotics Learning/ros2_ws/install/turtlesim/share/turtlesim/environment/path.dsv
[84.665s] -- Installing: /home/skpro/Desktop/Robotics Learning/ros2_ws/install/turtlesim/share/turtlesim/local_setup.bash
[84.670s] -- Installing: /home/skpro/Desktop/Robotics Learning/ros2_ws/install/turtlesim/share/turtlesim/local_setup.sh
[84.670s] -- Installing: /home/skpro/Desktop/Robotics Learning/ros2_ws/install/turtlesim/share/turtlesim/local_setup.zsh
[84.671s] -- Installing: /home/skpro/Desktop/Robotics Learning/ros2_ws/install/turtlesim/share/turtlesim/local_setup.dsv
[84.671s] -- Installing: /home/skpro/Desktop/Robotics Learning/ros2_ws/install/turtlesim/share/turtlesim/package.dsv
[84.671s] -- Installing: /home/skpro/Desktop/Robotics Learning/ros2_ws/install/turtlesim/share/ament_index/resource_index/packages/turtlesim
[84.672s] -- Installing: /home/skpro/Desktop/Robotics Learning/ros2_ws/install/turtlesim/share/turtlesim/cmake/export_turtlesim__rosidl_generator_cExport.cmake
[84.672s] -- Installing: /home/skpro/Desktop/Robotics Learning/ros2_ws/install/turtlesim/share/turtlesim/cmake/export_turtlesim__rosidl_generator_cExport-noconfig.cmake
[84.672s] -- Installing: /home/skpro/Desktop/Robotics Learning/ros2_ws/install/turtlesim/share/turtlesim/cmake/export_turtlesim__rosidl_typesupport_fastrtps_cExport.cmake
[84.672s] -- Installing: /home/skpro/Desktop/Robotics Learning/ros2_ws/install/turtlesim/share/turtlesim/cmake/export_turtlesim__rosidl_typesupport_fastrtps_cExport-noconfig.cmake
[84.672s] -- Installing: /home/skpro/Desktop/Robotics Learning/ros2_ws/install/turtlesim/share/turtlesim/cmake/export_turtlesim__rosidl_generator_cppExport.cmake
[84.672s] -- Installing: /home/skpro/Desktop/Robotics Learning/ros2_ws/install/turtlesim/share/turtlesim/cmake/export_turtlesim__rosidl_typesupport_fastrtps_cppExport.cmake
[84.672s] -- Installing: /home/skpro/Desktop/Robotics Learning/ros2_ws/install/turtlesim/share/turtlesim/cmake/export_turtlesim__rosidl_typesupport_fastrtps_cppExport-noconfig.cmake
[84.672s] -- Installing: /home/skpro/Desktop/Robotics Learning/ros2_ws/install/turtlesim/share/turtlesim/cmake/turtlesim__rosidl_typesupport_introspection_cExport.cmake
[84.675s] -- Installing: /home/skpro/Desktop/Robotics Learning/ros2_ws/install/turtlesim/share/turtlesim/cmake/turtlesim__rosidl_typesupport_introspection_cExport-noconfig.cmake
[84.675s] -- Installing: /home/skpro/Desktop/Robotics Learning/ros2_ws/install/turtlesim/share/turtlesim/cmake/turtlesim__rosidl_typesupport_cExport.cmake
[84.675s] -- Installing: /home/skpro/Desktop/Robotics Learning/ros2_ws/install/turtlesim/share/turtlesim/cmake/turtlesim__rosidl_typesupport_cExport-noconfig.cmake
[84.675s] -- Installing: /home/skpro/Desktop/Robotics Learning/ros2_ws/install/turtlesim/share/turtlesim/cmake/turtlesim__rosidl_typesupport_introspection_cppExport.cmake
[84.675s] -- Installing: /home/skpro/Desktop/Robotics Learning/ros2_ws/install/turtlesim/share/turtlesim/cmake/turtlesim__rosidl_typesupport_introspection_cppExport-noconfig.cmake
[84.675s] -- Installing: /home/skpro/Desktop/Robotics Learning/ros2_ws/install/turtlesim/share/turtlesim/cmake/turtlesim__rosidl_typesupport_cppExport.cmake
[84.676s] -- Installing: /home/skpro/Desktop/Robotics Learning/ros2_ws/install/turtlesim/share/turtlesim/cmake/turtlesim__rosidl_typesupport_cppExport-noconfig.cmake
[84.676s] -- Installing: /home/skpro/Desktop/Robotics Learning/ros2_ws/install/turtlesim/share/turtlesim/cmake/export_turtlesim__rosidl_generator_pyExport.cmake
[84.676s] -- Installing: /home/skpro/Desktop/Robotics Learning/ros2_ws/install/turtlesim/share/turtlesim/cmake/export_turtlesim__rosidl_generator_pyExport-noconfig.cmake
[84.677s] -- Installing: /home/skpro/Desktop/Robotics Learning/ros2_ws/install/turtlesim/share/turtlesim/cmake/rosidl_cmake-extras.cmake
[84.678s] -- Installing: /home/skpro/Desktop/Robotics Learning/ros2_ws/install/turtlesim/share/turtlesim/cmake/ament_cmake_export_dependencies-extras.cmake
[84.678s] -- Installing: /home/skpro/Desktop/Robotics Learning/ros2_ws/install/turtlesim/share/turtlesim/cmake/ament_cmake_export_include_directories-extras.cmake
[84.679s] -- Installing: /home/skpro/Desktop/Robotics Learning/ros2_ws/install/turtlesim/share/turtlesim/cmake/ament_cmake_export_libraries-extras.cmake
[84.680s] -- Installing: /home/skpro/Desktop/Robotics Learning/ros2_ws/install/turtlesim/share/turtlesim/cmake/ament_cmake_export_targets-extras.cmake
[84.682s] -- Installing: /home/skpro/Desktop/Robotics Learning/ros2_ws/install/turtlesim/share/turtlesim/cmake/rosidl_cmake_export_typesupport_targets-extras.cmake
[84.682s] -- Installing: /home/skpro/Desktop/Robotics Learning/ros2_ws/install/turtlesim/share/turtlesim/cmake/rosidl_cmake_export_typesupport_libraries-extras.cmake
[84.698s] -- Installing: /home/skpro/Desktop/Robotics Learning/ros2_ws/install/turtlesim/share/turtlesim/cmake/turtlesimConfig.cmake
[84.699s] -- Installing: /home/skpro/Desktop/Robotics Learning/ros2_ws/install/turtlesim/share/turtlesim/cmake/turtlesimConfig-version.cmake
[84.700s] -- Installing: /home/skpro/Desktop/Robotics Learning/ros2_ws/install/turtlesim/share/turtlesim/package.xml
[84.708s] Invoked command in '/home/skpro/Desktop/Robotics Learning/ros2_ws/build/turtlesim' returned '0': CMAKE_PREFIX_PATH=/opt/ros/humble /usr/bin/cmake --install /home/skpro/Desktop/Robotics Learning/ros2_ws/build/turtlesim
